Archive member included to satisfy reference by file (symbol)

c:/nordic/gcc-arm-none-eabi-7-2018-q2-update-win32/bin/../lib/gcc/arm-none-eabi/7.3.1/../../../../arm-none-eabi/lib/thumb/v6-m\libc_nano.a(lib_a-exit.o)
                              c:/nordic/gcc-arm-none-eabi-7-2018-q2-update-win32/bin/../lib/gcc/arm-none-eabi/7.3.1/../../../../arm-none-eabi/lib/thumb/v6-m/crt0.o (exit)
c:/nordic/gcc-arm-none-eabi-7-2018-q2-update-win32/bin/../lib/gcc/arm-none-eabi/7.3.1/../../../../arm-none-eabi/lib/thumb/v6-m\libc_nano.a(lib_a-impure.o)
                              c:/nordic/gcc-arm-none-eabi-7-2018-q2-update-win32/bin/../lib/gcc/arm-none-eabi/7.3.1/../../../../arm-none-eabi/lib/thumb/v6-m\libc_nano.a(lib_a-exit.o) (_global_impure_ptr)
c:/nordic/gcc-arm-none-eabi-7-2018-q2-update-win32/bin/../lib/gcc/arm-none-eabi/7.3.1/../../../../arm-none-eabi/lib/thumb/v6-m\libc_nano.a(lib_a-init.o)
                              c:/nordic/gcc-arm-none-eabi-7-2018-q2-update-win32/bin/../lib/gcc/arm-none-eabi/7.3.1/../../../../arm-none-eabi/lib/thumb/v6-m/crt0.o (__libc_init_array)
c:/nordic/gcc-arm-none-eabi-7-2018-q2-update-win32/bin/../lib/gcc/arm-none-eabi/7.3.1/../../../../arm-none-eabi/lib/thumb/v6-m\libc_nano.a(lib_a-memset.o)
                              c:/nordic/gcc-arm-none-eabi-7-2018-q2-update-win32/bin/../lib/gcc/arm-none-eabi/7.3.1/../../../../arm-none-eabi/lib/thumb/v6-m/crt0.o (memset)
c:/nordic/gcc-arm-none-eabi-7-2018-q2-update-win32/bin/../lib/gcc/arm-none-eabi/7.3.1/../../../../arm-none-eabi/lib/thumb/v6-m\libnosys.a(_exit.o)
                              c:/nordic/gcc-arm-none-eabi-7-2018-q2-update-win32/bin/../lib/gcc/arm-none-eabi/7.3.1/../../../../arm-none-eabi/lib/thumb/v6-m\libc_nano.a(lib_a-exit.o) (_exit)
c:/nordic/gcc-arm-none-eabi-7-2018-q2-update-win32/bin/../lib/gcc/arm-none-eabi/7.3.1/../../../../arm-none-eabi/lib/thumb/v6-m\libc_nano.a(lib_a-memcpy-stub.o)
                              _build/nrf51822_xxaa_SEGGER_RTT.c.o (memcpy)
c:/nordic/gcc-arm-none-eabi-7-2018-q2-update-win32/bin/../lib/gcc/arm-none-eabi/7.3.1/../../../../arm-none-eabi/lib/thumb/v6-m\libc_nano.a(lib_a-strcpy.o)
                              _build/nrf51822_xxaa_SEGGER_RTT.c.o (strcpy)
c:/nordic/gcc-arm-none-eabi-7-2018-q2-update-win32/bin/../lib/gcc/arm-none-eabi/7.3.1/../../../../arm-none-eabi/lib/thumb/v6-m\libc_nano.a(lib_a-strlen.o)
                              _build/nrf51822_xxaa_SEGGER_RTT.c.o (strlen)

Allocating common symbols
Common symbol       size              file

nrf_nvic_state      0x8               _build/nrf51822_xxaa_app_util_platform.c.o
_SEGGER_RTT         0x78              _build/nrf51822_xxaa_SEGGER_RTT.c.o

Discarded input sections

 .text          0x00000000        0x0 c:/nordic/gcc-arm-none-eabi-7-2018-q2-update-win32/bin/../lib/gcc/arm-none-eabi/7.3.1/thumb/v6-m/crti.o
 .data          0x00000000        0x0 c:/nordic/gcc-arm-none-eabi-7-2018-q2-update-win32/bin/../lib/gcc/arm-none-eabi/7.3.1/thumb/v6-m/crti.o
 .bss           0x00000000        0x0 c:/nordic/gcc-arm-none-eabi-7-2018-q2-update-win32/bin/../lib/gcc/arm-none-eabi/7.3.1/thumb/v6-m/crti.o
 .data          0x00000000        0x4 c:/nordic/gcc-arm-none-eabi-7-2018-q2-update-win32/bin/../lib/gcc/arm-none-eabi/7.3.1/thumb/v6-m/crtbegin.o
 .data          0x00000000        0x0 c:/nordic/gcc-arm-none-eabi-7-2018-q2-update-win32/bin/../lib/gcc/arm-none-eabi/7.3.1/../../../../arm-none-eabi/lib/thumb/v6-m/crt0.o
 .bss           0x00000000        0x0 c:/nordic/gcc-arm-none-eabi-7-2018-q2-update-win32/bin/../lib/gcc/arm-none-eabi/7.3.1/../../../../arm-none-eabi/lib/thumb/v6-m/crt0.o
 .ARM.extab     0x00000000        0x0 c:/nordic/gcc-arm-none-eabi-7-2018-q2-update-win32/bin/../lib/gcc/arm-none-eabi/7.3.1/../../../../arm-none-eabi/lib/thumb/v6-m/crt0.o
 .text          0x00000000        0x0 c:/nordic/gcc-arm-none-eabi-7-2018-q2-update-win32/bin/../lib/gcc/arm-none-eabi/7.3.1/../../../../arm-none-eabi/lib/thumb/v6-m\libc_nano.a(lib_a-exit.o)
 .data          0x00000000        0x0 c:/nordic/gcc-arm-none-eabi-7-2018-q2-update-win32/bin/../lib/gcc/arm-none-eabi/7.3.1/../../../../arm-none-eabi/lib/thumb/v6-m\libc_nano.a(lib_a-exit.o)
 .bss           0x00000000        0x0 c:/nordic/gcc-arm-none-eabi-7-2018-q2-update-win32/bin/../lib/gcc/arm-none-eabi/7.3.1/../../../../arm-none-eabi/lib/thumb/v6-m\libc_nano.a(lib_a-exit.o)
 .text          0x00000000        0x0 c:/nordic/gcc-arm-none-eabi-7-2018-q2-update-win32/bin/../lib/gcc/arm-none-eabi/7.3.1/../../../../arm-none-eabi/lib/thumb/v6-m\libc_nano.a(lib_a-impure.o)
 .data          0x00000000        0x0 c:/nordic/gcc-arm-none-eabi-7-2018-q2-update-win32/bin/../lib/gcc/arm-none-eabi/7.3.1/../../../../arm-none-eabi/lib/thumb/v6-m\libc_nano.a(lib_a-impure.o)
 .bss           0x00000000        0x0 c:/nordic/gcc-arm-none-eabi-7-2018-q2-update-win32/bin/../lib/gcc/arm-none-eabi/7.3.1/../../../../arm-none-eabi/lib/thumb/v6-m\libc_nano.a(lib_a-impure.o)
 .data._impure_ptr
[...]
Memory Configuration

Name             Origin             Length             Attributes
FLASH            0x00000000         0x00040000         xr
RAM              0x20000000         0x00004000         xrw
*default*        0x00000000         0xffffffff

Linker script and memory map


.text           0x00000000      0xd50
 *(.isr_vector)
 .isr_vector    0x00000000       0xc0 _build/nrf51822_xxaa_gcc_startup_nrf51.S.o
                0x00000000                __isr_vector
 *(.text*)
 .text          0x000000c0       0x48 c:/nordic/gcc-arm-none-eabi-7-2018-q2-update-win32/bin/../lib/gcc/arm-none-eabi/7.3.1/thumb/v6-m/crtbegin.o
 .text          0x00000108       0x78 c:/nordic/gcc-arm-none-eabi-7-2018-q2-update-win32/bin/../lib/gcc/arm-none-eabi/7.3.1/../../../../arm-none-eabi/lib/thumb/v6-m/crt0.o
                0x00000108                _start
                0x00000108                _mainCRTStartup
 .text.exit     0x00000180       0x2c c:/nordic/gcc-arm-none-eabi-7-2018-q2-update-win32/bin/../lib/gcc/arm-none-eabi/7.3.1/../../../../arm-none-eabi/lib/thumb/v6-m\libc_nano.a(lib_a-exit.o)
                0x00000180                exit
 .text.__libc_init_array
                0x000001ac       0x48 c:/nordic/gcc-arm-none-eabi-7-2018-q2-update-win32/bin/../lib/gcc/arm-none-eabi/7.3.1/../../../../arm-none-eabi/lib/thumb/v6-m\libc_nano.a(lib_a-init.o)
                0x000001ac                __libc_init_array
 .text.memset   0x000001f4       0x10 c:/nordic/gcc-arm-none-eabi-7-2018-q2-update-win32/bin/../lib/gcc/arm-none-eabi/7.3.1/../../../../arm-none-eabi/lib/thumb/v6-m\libc_nano.a(lib_a-memset.o)
                0x000001f4                memset
 .text._exit    0x00000204        0x4 c:/nordic/gcc-arm-none-eabi-7-2018-q2-update-win32/bin/../lib/gcc/arm-none-eabi/7.3.1/../../../../arm-none-eabi/lib/thumb/v6-m\libnosys.a(_exit.o)
                0x00000204                _exit
 .text.app_error_handler_bare
                0x00000208       0x20 _build/nrf51822_xxaa_app_error.c.o
                0x00000208                app_error_handler_bare
 .text.app_error_fault_handler
                0x00000228       0x1c _build/nrf51822_xxaa_app_error_weak.c.o
                0x00000228                app_error_fault_handler
 .text.RTC1_IRQHandler
                0x00000244       0xdc _build/nrf51822_xxaa_app_timer.c.o
                0x00000244                RTC1_IRQHandler
 .text.SWI0_IRQHandler
                0x00000320      0x4e4 _build/nrf51822_xxaa_app_timer.c.o
                0x00000320                SWI0_IRQHandler
 .text.bsp_board_led_invert
                0x00000804       0x30 _build/nrf51822_xxaa_boards.c.o
                0x00000804                bsp_board_led_invert
 .text.bsp_board_leds_init
                0x00000834       0x3c _build/nrf51822_xxaa_boards.c.o
                0x00000834                bsp_board_leds_init
 .text.POWER_CLOCK_IRQHandler
                0x00000870       0x78 _build/nrf51822_xxaa_nrf_drv_clock.c.o
                0x00000870                POWER_CLOCK_IRQHandler
 .text.nrf_drv_clock_on_soc_event
                0x000008e8       0x24 _build/nrf51822_xxaa_nrf_drv_clock.c.o
                0x000008e8                nrf_drv_clock_on_soc_event
 .text.UART0_IRQHandler
                0x0000090c      0x198 _build/nrf51822_xxaa_nrf_drv_uart.c.o
                0x0000090c                UART0_IRQHandler
 .text.startup.main
                0x00000aa4       0x48 _build/nrf51822_xxaa_main.c.o
                0x00000aa4                main
 .text          0x00000aec       0x4c _build/nrf51822_xxaa_gcc_startup_nrf51.S.o
                0x00000aec                Reset_Handler
                0x00000b2c                NMI_Handler
                0x00000b2e                HardFault_Handler
                0x00000b30                SVC_Handler
                0x00000b32                PendSV_Handler
                0x00000b34                SysTick_Handler
                0x00000b36                GPIOTE_IRQHandler
                0x00000b36                RTC0_IRQHandler
                0x00000b36                SPI0_TWI0_IRQHandler
                0x00000b36                LPCOMP_IRQHandler
                0x00000b36                SWI4_IRQHandler
                0x00000b36                TEMP_IRQHandler
                0x00000b36                QDEC_IRQHandler
                0x00000b36                SWI5_IRQHandler
                0x00000b36                TIMER0_IRQHandler
                0x00000b36                RADIO_IRQHandler
                0x00000b36                TIMER1_IRQHandler
                0x00000b36                ECB_IRQHandler
                0x00000b36                Default_Handler
                0x00000b36                ADC_IRQHandler
                0x00000b36                SWI3_IRQHandler
                0x00000b36                CCM_AAR_IRQHandler
                0x00000b36                WDT_IRQHandler
                0x00000b36                TIMER2_IRQHandler
                0x00000b36                RNG_IRQHandler
                0x00000b36                SPI1_TWI1_IRQHandler
                0x00000b36                SWI1_IRQHandler
 .text.SystemInit
                0x00000b38       0xe4 _build/nrf51822_xxaa_system_nrf51.c.o
                0x00000b38                SystemInit
 .text.sd_evt_get
                0x00000c1c        0x4 _build/nrf51822_xxaa_softdevice_handler.c.o
 .text.sd_ble_evt_get
                0x00000c20        0x4 _build/nrf51822_xxaa_softdevice_handler.c.o
 .text.intern_softdevice_events_execute.part.1
                0x00000c24       0xd8 _build/nrf51822_xxaa_softdevice_handler.c.o
 .text.SWI2_IRQHandler
                0x00000cfc       0x30 _build/nrf51822_xxaa_softdevice_handler.c.o
                0x00000cfc                SWI2_IRQHandler
 *(.init)
 .init          0x00000d2c        0x4 c:/nordic/gcc-arm-none-eabi-7-2018-q2-update-win32/bin/../lib/gcc/arm-none-eabi/7.3.1/thumb/v6-m/crti.o
                0x00000d2c                _init
 .init          0x00000d30        0x8 c:/nordic/gcc-arm-none-eabi-7-2018-q2-update-win32/bin/../lib/gcc/arm-none-eabi/7.3.1/thumb/v6-m/crtn.o
 *(.fini)
 .fini          0x00000d38        0x4 c:/nordic/gcc-arm-none-eabi-7-2018-q2-update-win32/bin/../lib/gcc/arm-none-eabi/7.3.1/thumb/v6-m/crti.o
                0x00000d38                _fini
 .fini          0x00000d3c        0x8 c:/nordic/gcc-arm-none-eabi-7-2018-q2-update-win32/bin/../lib/gcc/arm-none-eabi/7.3.1/thumb/v6-m/crtn.o
 *crtbegin.o(.ctors)
 *crtbegin?.o(.ctors)
 *(EXCLUDE_FILE(*crtend.o *crtend?.o) .ctors)
 *(SORT_BY_NAME(.ctors.*))
 *(.ctors)
 *crtbegin.o(.dtors)
 *crtbegin?.o(.dtors)
 *(EXCLUDE_FILE(*crtend.o *crtend?.o) .dtors)
 *(SORT_BY_NAME(.dtors.*))
 *(.dtors)
 *(.rodata*)
 .rodata._global_impure_ptr
                0x00000d44        0x4 c:/nordic/gcc-arm-none-eabi-7-2018-q2-update-win32/bin/../lib/gcc/arm-none-eabi/7.3.1/../../../../arm-none-eabi/lib/thumb/v6-m\libc_nano.a(lib_a-impure.o)
                0x00000d44                _global_impure_ptr
 .rodata.m_board_led_list
                0x00000d48        0x4 _build/nrf51822_xxaa_boards.c.o
 *(.eh_frame*)
 .eh_frame      0x00000d4c        0x0 c:/nordic/gcc-arm-none-eabi-7-2018-q2-update-win32/bin/../lib/gcc/arm-none-eabi/7.3.1/thumb/v6-m/crtbegin.o
 .eh_frame      0x00000d4c        0x4 c:/nordic/gcc-arm-none-eabi-7-2018-q2-update-win32/bin/../lib/gcc/arm-none-eabi/7.3.1/thumb/v6-m/crtend.o

.glue_7         0x00000d50        0x0
 .glue_7        0x00000d50        0x0 linker stubs

.glue_7t        0x00000d50        0x0
 .glue_7t       0x00000d50        0x0 linker stubs

.vfp11_veneer   0x00000d50        0x0
 .vfp11_veneer  0x00000d50        0x0 linker stubs

.v4_bx          0x00000d50        0x0
 .v4_bx         0x00000d50        0x0 linker stubs

.iplt           0x00000d50        0x0
 .iplt          0x00000d50        0x0 c:/nordic/gcc-arm-none-eabi-7-2018-q2-update-win32/bin/../lib/gcc/arm-none-eabi/7.3.1/thumb/v6-m/crtbegin.o

.ARM.extab
 *(.ARM.extab* .gnu.linkonce.armextab.*)
                0x00000d50                __exidx_start = .

.ARM.exidx      0x00000d50        0x8
 *(.ARM.exidx* .gnu.linkonce.armexidx.*)
 .ARM.exidx     0x00000d50        0x8 c:/nordic/gcc-arm-none-eabi-7-2018-q2-update-win32/bin/../lib/gcc/arm-none-eabi/7.3.1/../../../../arm-none-eabi/lib/thumb/v6-m/crt0.o
                0x00000d58                __exidx_end = .
                0x00000d58                __etext = .

.rel.dyn        0x00000d58        0x0
 .rel.iplt      0x00000d58        0x0 c:/nordic/gcc-arm-none-eabi-7-2018-q2-update-win32/bin/../lib/gcc/arm-none-eabi/7.3.1/thumb/v6-m/crtbegin.o

.data           0x20000000       0x6c load address 0x00000d58
                0x20000000                __data_start__ = .
 *(vtable)
 *(.data*)
 .data.impure_data
                0x20000000       0x60 c:/nordic/gcc-arm-none-eabi-7-2018-q2-update-win32/bin/../lib/gcc/arm-none-eabi/7.3.1/../../../../arm-none-eabi/lib/thumb/v6-m\libc_nano.a(lib_a-impure.o)
 .data.SystemCoreClock
                0x20000060        0x4 _build/nrf51822_xxaa_system_nrf51.c.o
                0x20000060                SystemCoreClock
                0x20000064                . = ALIGN (0x4)
                0x20000064                PROVIDE (__preinit_array_start = .)
 *(.preinit_array)
                0x20000064                PROVIDE (__preinit_array_end = .)
                0x20000064                . = ALIGN (0x4)
                0x20000064                PROVIDE (__init_array_start = .)
 *(SORT_BY_NAME(.init_array.*))
 *(.init_array)
 .init_array    0x20000064        0x4 c:/nordic/gcc-arm-none-eabi-7-2018-q2-update-win32/bin/../lib/gcc/arm-none-eabi/7.3.1/thumb/v6-m/crtbegin.o
                0x20000068                PROVIDE (__init_array_end = .)
                0x20000068                . = ALIGN (0x4)
                [!provide]                PROVIDE (__fini_array_start = .)
 *(SORT_BY_NAME(.fini_array.*))
 *(.fini_array)
 .fini_array    0x20000068        0x4 c:/nordic/gcc-arm-none-eabi-7-2018-q2-update-win32/bin/../lib/gcc/arm-none-eabi/7.3.1/thumb/v6-m/crtbegin.o
                [!provide]                PROVIDE (__fini_array_end = .)
 *(.jcr*)
                0x2000006c                . = ALIGN (0x4)
                0x2000006c                __data_end__ = .
LOAD c:/nordic/gcc-arm-none-eabi-7-2018-q2-update-win32/bin/../lib/gcc/arm-none-eabi/7.3.1/thumb/v6-m/crti.o
LOAD c:/nordic/gcc-arm-none-eabi-7-2018-q2-update-win32/bin/../lib/gcc/arm-none-eabi/7.3.1/thumb/v6-m/crtbegin.o
LOAD c:/nordic/gcc-arm-none-eabi-7-2018-q2-update-win32/bin/../lib/gcc/arm-none-eabi/7.3.1/../../../../arm-none-eabi/lib/thumb/v6-m/crt0.o
LOAD c:/nordic/gcc-arm-none-eabi-7-2018-q2-update-win32/bin/../lib/gcc/arm-none-eabi/7.3.1/../../../../arm-none-eabi/lib/thumb/v6-m\libc_nano.a
LOAD c:/nordic/gcc-arm-none-eabi-7-2018-q2-update-win32/bin/../lib/gcc/arm-none-eabi/7.3.1/../../../../arm-none-eabi/lib/thumb/v6-m\libnosys.a
LOAD _build/nrf51822_xxaa_nrf_log_backend_serial.c.o
LOAD _build/nrf51822_xxaa_nrf_log_frontend.c.o
LOAD _build/nrf51822_xxaa_app_error.c.o
LOAD _build/nrf51822_xxaa_app_error_weak.c.o
LOAD _build/nrf51822_xxaa_app_timer.c.o
LOAD _build/nrf51822_xxaa_app_util_platform.c.o
LOAD _build/nrf51822_xxaa_hardfault_implementation.c.o
LOAD _build/nrf51822_xxaa_nrf_assert.c.o
LOAD _build/nrf51822_xxaa_sdk_errors.c.o
LOAD _build/nrf51822_xxaa_boards.c.o
LOAD _build/nrf51822_xxaa_nrf_drv_clock.c.o
LOAD _build/nrf51822_xxaa_nrf_drv_common.c.o
LOAD _build/nrf51822_xxaa_nrf_drv_uart.c.o
LOAD _build/nrf51822_xxaa_main.c.o
LOAD _build/nrf51822_xxaa_RTT_Syscalls_GCC.c.o
LOAD _build/nrf51822_xxaa_SEGGER_RTT.c.o
LOAD _build/nrf51822_xxaa_SEGGER_RTT_printf.c.o
LOAD _build/nrf51822_xxaa_gcc_startup_nrf51.S.o
LOAD _build/nrf51822_xxaa_system_nrf51.c.o
LOAD _build/nrf51822_xxaa_softdevice_handler.c.o
LOAD c:/nordic/gcc-arm-none-eabi-7-2018-q2-update-win32/bin/../lib/gcc/arm-none-eabi/7.3.1/../../../../arm-none-eabi/lib/thumb/v6-m\libm.a
START GROUP
LOAD c:/nordic/gcc-arm-none-eabi-7-2018-q2-update-win32/bin/../lib/gcc/arm-none-eabi/7.3.1/thumb/v6-m\libgcc.a
LOAD c:/nordic/gcc-arm-none-eabi-7-2018-q2-update-win32/bin/../lib/gcc/arm-none-eabi/7.3.1/../../../../arm-none-eabi/lib/thumb/v6-m\libc_nano.a
END GROUP
START GROUP
LOAD c:/nordic/gcc-arm-none-eabi-7-2018-q2-update-win32/bin/../lib/gcc/arm-none-eabi/7.3.1/thumb/v6-m\libgcc.a
LOAD c:/nordic/gcc-arm-none-eabi-7-2018-q2-update-win32/bin/../lib/gcc/arm-none-eabi/7.3.1/../../../../arm-none-eabi/lib/thumb/v6-m\libc_nano.a
END GROUP
LOAD c:/nordic/gcc-arm-none-eabi-7-2018-q2-update-win32/bin/../lib/gcc/arm-none-eabi/7.3.1/thumb/v6-m/crtend.o
LOAD c:/nordic/gcc-arm-none-eabi-7-2018-q2-update-win32/bin/../lib/gcc/arm-none-eabi/7.3.1/thumb/v6-m/crtn.o
START GROUP
LOAD c:/nordic/gcc-arm-none-eabi-7-2018-q2-update-win32/bin/../lib/gcc/arm-none-eabi/7.3.1/thumb/v6-m\libgcc.a
LOAD c:/nordic/gcc-arm-none-eabi-7-2018-q2-update-win32/bin/../lib/gcc/arm-none-eabi/7.3.1/../../../../arm-none-eabi/lib/thumb/v6-m\libc.a
LOAD c:/nordic/gcc-arm-none-eabi-7-2018-q2-update-win32/bin/../lib/gcc/arm-none-eabi/7.3.1/../../../../arm-none-eabi/lib/thumb/v6-m\libnosys.a
END GROUP

.igot.plt       0x2000006c        0x0 load address 0x00000dc4
 .igot.plt      0x2000006c        0x0 c:/nordic/gcc-arm-none-eabi-7-2018-q2-update-win32/bin/../lib/gcc/arm-none-eabi/7.3.1/thumb/v6-m/crtbegin.o

.fs_data        0x2000006c        0x0
                [!provide]                PROVIDE (__start_fs_data = .)
 *(.fs_data)
                [!provide]                PROVIDE (__stop_fs_data = .)

.pwr_mgmt_data  0x2000006c        0x0
                [!provide]                PROVIDE (__start_pwr_mgmt_data = .)
 *(.pwr_mgmt_data)
                [!provide]                PROVIDE (__stop_pwr_mgmt_data = .)

.bss            0x2000006c       0x88 load address 0x00000dc4
                0x2000006c                . = ALIGN (0x4)
                0x2000006c                __bss_start__ = .
 *(.bss*)
 .bss           0x2000006c       0x1c c:/nordic/gcc-arm-none-eabi-7-2018-q2-update-win32/bin/../lib/gcc/arm-none-eabi/7.3.1/thumb/v6-m/crtbegin.o
 .bss.m_evt_schedule_func
                0x20000088        0x4 _build/nrf51822_xxaa_app_timer.c.o
 .bss.m_op_queue
                0x2000008c        0x8 _build/nrf51822_xxaa_app_timer.c.o
 .bss.m_rtc1_reset
                0x20000094        0x1 _build/nrf51822_xxaa_app_timer.c.o
 .bss.m_rtc1_running
                0x20000095        0x1 _build/nrf51822_xxaa_app_timer.c.o
 *fill*         0x20000096        0x2 
 .bss.m_ticks_elapsed
                0x20000098        0x8 _build/nrf51822_xxaa_app_timer.c.o
 .bss.m_ticks_elapsed_q_read_ind
                0x200000a0        0x1 _build/nrf51822_xxaa_app_timer.c.o
 .bss.m_ticks_elapsed_q_write_ind
                0x200000a1        0x1 _build/nrf51822_xxaa_app_timer.c.o
 *fill*         0x200000a2        0x2 
 .bss.m_ticks_latest
                0x200000a4        0x4 _build/nrf51822_xxaa_app_timer.c.o
 .bss.mp_timer_id_head
                0x200000a8        0x4 _build/nrf51822_xxaa_app_timer.c.o
 .bss.m_clock_cb
                0x200000ac       0x14 _build/nrf51822_xxaa_nrf_drv_clock.c.o
 .bss.m_cb      0x200000c0       0x1c _build/nrf51822_xxaa_nrf_drv_uart.c.o
 .bss.m_ble_evt_buffer_size
                0x200000dc        0x2 _build/nrf51822_xxaa_softdevice_handler.c.o
 *fill*         0x200000de        0x2 
 .bss.m_ble_evt_handler
                0x200000e0        0x4 _build/nrf51822_xxaa_softdevice_handler.c.o
 .bss.m_evt_schedule_func
                0x200000e4        0x4 _build/nrf51822_xxaa_softdevice_handler.c.o
 .bss.m_softdevice_enabled
                0x200000e8        0x1 _build/nrf51822_xxaa_softdevice_handler.c.o
 .bss.m_suspended
                0x200000e9        0x1 _build/nrf51822_xxaa_softdevice_handler.c.o
 *fill*         0x200000ea        0x2 
 .bss.m_sys_evt_handler
                0x200000ec        0x4 _build/nrf51822_xxaa_softdevice_handler.c.o
 .bss.mp_ble_evt_buffer
                0x200000f0        0x4 _build/nrf51822_xxaa_softdevice_handler.c.o
 *(COMMON)
                0x200000f4                . = ALIGN (0x4)
                0x200000f4                __bss_end__ = .

.heap           0x200000f8      0x800
                0x200000f8                __HeapBase = .
                0x200000f8                __end__ = .
                [!provide]                PROVIDE (end = .)
 *(.heap*)
 .heap          0x200000f8      0x800 _build/nrf51822_xxaa_gcc_startup_nrf51.S.o
                0x200008f8                __HeapLimit = .

.stack_dummy    0x200000f8      0x800
 *(.stack*)
 .stack         0x200000f8      0x800 _build/nrf51822_xxaa_gcc_startup_nrf51.S.o
                0x20004000                __StackTop = (ORIGIN (RAM) + LENGTH (RAM))
                0x20003800                __StackLimit = (__StackTop - SIZEOF (.stack_dummy))
                0x20004000                PROVIDE (__stack = __StackTop)
                0x00000001                ASSERT ((__StackLimit >= __HeapLimit), region RAM overflowed with stack)
OUTPUT(_build/nrf51822_xxaa.out elf32-littlearm)

.ARM.attributes
                0x00000000       0x28
 .ARM.attributes
                0x00000000       0x1e c:/nordic/gcc-arm-none-eabi-7-2018-q2-update-win32/bin/../lib/gcc/arm-none-eabi/7.3.1/thumb/v6-m/crti.o
 .ARM.attributes
                0x0000001e       0x2c c:/nordic/gcc-arm-none-eabi-7-2018-q2-update-win32/bin/../lib/gcc/arm-none-eabi/7.3.1/thumb/v6-m/crtbegin.o
 .ARM.attributes
                0x0000004a       0x1b c:/nordic/gcc-arm-none-eabi-7-2018-q2-update-win32/bin/../lib/gcc/arm-none-eabi/7.3.1/../../../../arm-none-eabi/lib/thumb/v6-m/crt0.o
 .ARM.attributes
                0x00000065       0x2c c:/nordic/gcc-arm-none-eabi-7-2018-q2-update-win32/bin/../lib/gcc/arm-none-eabi/7.3.1/../../../../arm-none-eabi/lib/thumb/v6-m\libc_nano.a(lib_a-exit.o)
 .ARM.attributes
                0x00000091       0x2c c:/nordic/gcc-arm-none-eabi-7-2018-q2-update-win32/bin/../lib/gcc/arm-none-eabi/7.3.1/../../../../arm-none-eabi/lib/thumb/v6-m\libc_nano.a(lib_a-impure.o)
 .ARM.attributes
                0x000000bd       0x2c c:/nordic/gcc-arm-none-eabi-7-2018-q2-update-win32/bin/../lib/gcc/arm-none-eabi/7.3.1/../../../../arm-none-eabi/lib/thumb/v6-m\libc_nano.a(lib_a-init.o)
 .ARM.attributes
                0x000000e9       0x2c c:/nordic/gcc-arm-none-eabi-7-2018-q2-update-win32/bin/../lib/gcc/arm-none-eabi/7.3.1/../../../../arm-none-eabi/lib/thumb/v6-m\libc_nano.a(lib_a-memset.o)
 .ARM.attributes
                0x00000115       0x2c c:/nordic/gcc-arm-none-eabi-7-2018-q2-update-win32/bin/../lib/gcc/arm-none-eabi/7.3.1/../../../../arm-none-eabi/lib/thumb/v6-m\libnosys.a(_exit.o)
 .ARM.attributes
                0x00000141       0x31 _build/nrf51822_xxaa_app_error.c.o
 .ARM.attributes
                0x00000172       0x31 _build/nrf51822_xxaa_app_error_weak.c.o
 .ARM.attributes
                0x000001a3       0x31 _build/nrf51822_xxaa_app_timer.c.o
 .ARM.attributes
                0x000001d4       0x31 _build/nrf51822_xxaa_boards.c.o
 .ARM.attributes
                0x00000205       0x31 _build/nrf51822_xxaa_nrf_drv_clock.c.o
 .ARM.attributes
                0x00000236       0x31 _build/nrf51822_xxaa_nrf_drv_uart.c.o
 .ARM.attributes
                0x00000267       0x31 _build/nrf51822_xxaa_main.c.o
 .ARM.attributes
                0x00000298       0x1b _build/nrf51822_xxaa_gcc_startup_nrf51.S.o
 .ARM.attributes
                0x000002b3       0x31 _build/nrf51822_xxaa_system_nrf51.c.o
 .ARM.attributes
                0x000002e4       0x31 _build/nrf51822_xxaa_softdevice_handler.c.o
 .ARM.attributes
                0x00000315       0x2c c:/nordic/gcc-arm-none-eabi-7-2018-q2-update-win32/bin/../lib/gcc/arm-none-eabi/7.3.1/thumb/v6-m/crtend.o
 .ARM.attributes
                0x00000341       0x1e c:/nordic/gcc-arm-none-eabi-7-2018-q2-update-win32/bin/../lib/gcc/arm-none-eabi/7.3.1/thumb/v6-m/crtn.o

.comment        0x00000000       0x7f
 .comment       0x00000000       0x7f _build/nrf51822_xxaa_app_error.c.o
                                 0x80 (size before relaxing)
 .comment       0x0000007f       0x80 _build/nrf51822_xxaa_app_error_weak.c.o
 .comment       0x0000007f       0x80 _build/nrf51822_xxaa_app_timer.c.o
 .comment       0x0000007f       0x80 _build/nrf51822_xxaa_boards.c.o
 .comment       0x0000007f       0x80 _build/nrf51822_xxaa_nrf_drv_clock.c.o
 .comment       0x0000007f       0x80 _build/nrf51822_xxaa_nrf_drv_uart.c.o
 .comment       0x0000007f       0x80 _build/nrf51822_xxaa_main.c.o
 .comment       0x0000007f       0x80 _build/nrf51822_xxaa_system_nrf51.c.o
 .comment       0x0000007f       0x80 _build/nrf51822_xxaa_softdevice_handler.c.o

.debug_frame    0x00000000      0x83c
 .debug_frame   0x00000000       0x28 c:/nordic/gcc-arm-none-eabi-7-2018-q2-update-win32/bin/../lib/gcc/arm-none-eabi/7.3.1/../../../../arm-none-eabi/lib/thumb/v6-m\libc_nano.a(lib_a-exit.o)
 .debug_frame   0x00000028       0x2c c:/nordic/gcc-arm-none-eabi-7-2018-q2-update-win32/bin/../lib/gcc/arm-none-eabi/7.3.1/../../../../arm-none-eabi/lib/thumb/v6-m\libc_nano.a(lib_a-init.o)
 .debug_frame   0x00000054       0x20 c:/nordic/gcc-arm-none-eabi-7-2018-q2-update-win32/bin/../lib/gcc/arm-none-eabi/7.3.1/../../../../arm-none-eabi/lib/thumb/v6-m\libc_nano.a(lib_a-memset.o)
 .debug_frame   0x00000074       0x20 c:/nordic/gcc-arm-none-eabi-7-2018-q2-update-win32/bin/../lib/gcc/arm-none-eabi/7.3.1/../../../../arm-none-eabi/lib/thumb/v6-m\libnosys.a(_exit.o)
 .debug_frame   0x00000094       0x5c _build/nrf51822_xxaa_app_error.c.o
 .debug_frame   0x000000f0       0x20 _build/nrf51822_xxaa_app_error_weak.c.o
 .debug_frame   0x00000110      0x120 _build/nrf51822_xxaa_app_timer.c.o
 .debug_frame   0x00000230       0xe8 _build/nrf51822_xxaa_boards.c.o
 .debug_frame   0x00000318      0x1c0 _build/nrf51822_xxaa_nrf_drv_clock.c.o
 .debug_frame   0x000004d8      0x14c _build/nrf51822_xxaa_nrf_drv_uart.c.o
 .debug_frame   0x00000624       0x30 _build/nrf51822_xxaa_main.c.o
 .debug_frame   0x00000654       0x30 _build/nrf51822_xxaa_system_nrf51.c.o
 .debug_frame   0x00000684      0x1b8 _build/nrf51822_xxaa_softdevice_handler.c.o

.debug_info     0x00000000     0xd4a1
 .debug_info    0x00000000      0xb47 _build/nrf51822_xxaa_app_error.c.o
 .debug_info    0x00000b47      0xa12 _build/nrf51822_xxaa_app_error_weak.c.o
 .debug_info    0x00001559     0x2325 _build/nrf51822_xxaa_app_timer.c.o
 .debug_info    0x0000387e     0x13ce _build/nrf51822_xxaa_boards.c.o
 .debug_info    0x00004c4c     0x1e49 _build/nrf51822_xxaa_nrf_drv_clock.c.o
 .debug_info    0x00006a95     0x3301 _build/nrf51822_xxaa_nrf_drv_uart.c.o
 .debug_info    0x00009d96      0x99c _build/nrf51822_xxaa_main.c.o
 .debug_info    0x0000a732      0x1e2 _build/nrf51822_xxaa_system_nrf51.c.o
 .debug_info    0x0000a914     0x2b8d _build/nrf51822_xxaa_softdevice_handler.c.o

.debug_abbrev   0x00000000     0x1ed4
 .debug_abbrev  0x00000000      0x235 _build/nrf51822_xxaa_app_error.c.o
 .debug_abbrev  0x00000235      0x20d _build/nrf51822_xxaa_app_error_weak.c.o
 .debug_abbrev  0x00000442      0x47d _build/nrf51822_xxaa_app_timer.c.o
 .debug_abbrev  0x000008bf      0x386 _build/nrf51822_xxaa_boards.c.o
 .debug_abbrev  0x00000c45      0x536 _build/nrf51822_xxaa_nrf_drv_clock.c.o
 .debug_abbrev  0x0000117b      0x472 _build/nrf51822_xxaa_nrf_drv_uart.c.o
 .debug_abbrev  0x000015ed      0x25f _build/nrf51822_xxaa_main.c.o
 .debug_abbrev  0x0000184c      0x10b _build/nrf51822_xxaa_system_nrf51.c.o
 .debug_abbrev  0x00001957      0x57d _build/nrf51822_xxaa_softdevice_handler.c.o

.debug_loc      0x00000000     0x3c16
 .debug_loc     0x00000000      0x149 _build/nrf51822_xxaa_app_error.c.o
 .debug_loc     0x00000149       0x21 _build/nrf51822_xxaa_app_error_weak.c.o
 .debug_loc     0x0000016a      0xfc2 _build/nrf51822_xxaa_app_timer.c.o
 .debug_loc     0x0000112c      0x8b3 _build/nrf51822_xxaa_boards.c.o
 .debug_loc     0x000019df      0x4f6 _build/nrf51822_xxaa_nrf_drv_clock.c.o
 .debug_loc     0x00001ed5     0x16e9 _build/nrf51822_xxaa_nrf_drv_uart.c.o
 .debug_loc     0x000035be       0x4d _build/nrf51822_xxaa_main.c.o
 .debug_loc     0x0000360b      0x60b _build/nrf51822_xxaa_softdevice_handler.c.o

.debug_aranges  0x00000000      0x350
 .debug_aranges
                0x00000000       0x30 _build/nrf51822_xxaa_app_error.c.o
 .debug_aranges
                0x00000030       0x20 _build/nrf51822_xxaa_app_error_weak.c.o
 .debug_aranges
                0x00000050       0x60 _build/nrf51822_xxaa_app_timer.c.o
 .debug_aranges
                0x000000b0       0x80 _build/nrf51822_xxaa_boards.c.o
 .debug_aranges
                0x00000130       0xb0 _build/nrf51822_xxaa_nrf_drv_clock.c.o
 .debug_aranges
                0x000001e0       0x70 _build/nrf51822_xxaa_nrf_drv_uart.c.o
 .debug_aranges
                0x00000250       0x20 _build/nrf51822_xxaa_main.c.o
 .debug_aranges
                0x00000270       0x28 _build/nrf51822_xxaa_system_nrf51.c.o
 .debug_aranges
                0x00000298       0xb8 _build/nrf51822_xxaa_softdevice_handler.c.o

.debug_ranges   0x00000000     0x1218
 .debug_ranges  0x00000000       0x20 _build/nrf51822_xxaa_app_error.c.o
 .debug_ranges  0x00000020       0x10 _build/nrf51822_xxaa_app_error_weak.c.o
 .debug_ranges  0x00000030      0x5b0 _build/nrf51822_xxaa_app_timer.c.o
 .debug_ranges  0x000005e0      0x150 _build/nrf51822_xxaa_boards.c.o
 .debug_ranges  0x00000730      0x368 _build/nrf51822_xxaa_nrf_drv_clock.c.o
 .debug_ranges  0x00000a98      0x500 _build/nrf51822_xxaa_nrf_drv_uart.c.o
 .debug_ranges  0x00000f98       0x28 _build/nrf51822_xxaa_main.c.o
 .debug_ranges  0x00000fc0       0x68 _build/nrf51822_xxaa_system_nrf51.c.o
 .debug_ranges  0x00001028      0x1f0 _build/nrf51822_xxaa_softdevice_handler.c.o

.debug_macro    0x00000000     0x3c5e
 .debug_macro   0x00000000      0x28f _build/nrf51822_xxaa_app_error.c.o
 .debug_macro   0x0000028f       0x34 _build/nrf51822_xxaa_app_error.c.o
 .debug_macro   0x000002c3       0x22 _build/nrf51822_xxaa_app_error.c.o
 .debug_macro   0x000002e5       0x16 _build/nrf51822_xxaa_app_error.c.o
 .debug_macro   0x000002fb       0x97 _build/nrf51822_xxaa_app_error.c.o
 .debug_macro   0x00000392       0xf6 _build/nrf51822_xxaa_app_error.c.o
 .debug_macro   0x00000488       0x10 _build/nrf51822_xxaa_app_error.c.o
 .debug_macro   0x00000498       0x10 _build/nrf51822_xxaa_app_error.c.o
 .debug_macro   0x000004a8       0xb6 _build/nrf51822_xxaa_app_error.c.o
 .debug_macro   0x0000055e       0x16 _build/nrf51822_xxaa_app_error.c.o
 .debug_macro   0x00000574      0x129 _build/nrf51822_xxaa_app_error.c.o
 .debug_macro   0x0000069d       0x2b _build/nrf51822_xxaa_app_error.c.o
 .debug_macro   0x000006c8       0x22 _build/nrf51822_xxaa_app_error.c.o
 .debug_macro   0x000006ea       0x16 _build/nrf51822_xxaa_app_error.c.o
 .debug_macro   0x00000700      0x39b _build/nrf51822_xxaa_app_error.c.o
 .debug_macro   0x00000a9b      0x170 _build/nrf51822_xxaa_app_error.c.o
 .debug_macro   0x00000c0b       0x5a _build/nrf51822_xxaa_app_error.c.o
 .debug_macro   0x00000c65       0x28 _build/nrf51822_xxaa_app_error.c.o
 .debug_macro   0x00000c8d       0x22 _build/nrf51822_xxaa_app_error.c.o
 .debug_macro   0x00000caf      0x28f _build/nrf51822_xxaa_app_error_weak.c.o
 .debug_macro   0x00000f3e       0x1c _build/nrf51822_xxaa_app_error_weak.c.o
 .debug_macro   0x00000f5a      0x326 _build/nrf51822_xxaa_app_timer.c.o
 .debug_macro   0x00001280       0x1c _build/nrf51822_xxaa_app_timer.c.o
 .debug_macro   0x0000129c       0x36 _build/nrf51822_xxaa_app_timer.c.o
 .debug_macro   0x000012d2       0x16 _build/nrf51822_xxaa_app_timer.c.o
 .debug_macro   0x000012e8       0x22 _build/nrf51822_xxaa_app_timer.c.o
 .debug_macro   0x0000130a       0x16 _build/nrf51822_xxaa_app_timer.c.o
 .debug_macro   0x00001320       0x40 _build/nrf51822_xxaa_app_timer.c.o
 .debug_macro   0x00001360       0x64 _build/nrf51822_xxaa_app_timer.c.o
 .debug_macro   0x000013c4       0x10 _build/nrf51822_xxaa_app_timer.c.o
 .debug_macro   0x000013d4       0x22 _build/nrf51822_xxaa_app_timer.c.o
 .debug_macro   0x000013f6       0x10 _build/nrf51822_xxaa_app_timer.c.o
 .debug_macro   0x00001406       0x72 _build/nrf51822_xxaa_app_timer.c.o
 .debug_macro   0x00001478      0x286 _build/nrf51822_xxaa_boards.c.o
 .debug_macro   0x000016fe      0x168 _build/nrf51822_xxaa_boards.c.o
 .debug_macro   0x00001866       0x16 _build/nrf51822_xxaa_boards.c.o
 .debug_macro   0x0000187c      0x246 _build/nrf51822_xxaa_boards.c.o
 .debug_macro   0x00001ac2      0x115 _build/nrf51822_xxaa_boards.c.o
 .debug_macro   0x00001bd7      0x420 _build/nrf51822_xxaa_nrf_drv_clock.c.o
 .debug_macro   0x00001ff7       0x10 _build/nrf51822_xxaa_nrf_drv_clock.c.o
 .debug_macro   0x00002007       0x28 _build/nrf51822_xxaa_nrf_drv_clock.c.o
 .debug_macro   0x0000202f       0x1c _build/nrf51822_xxaa_nrf_drv_clock.c.o
 .debug_macro   0x0000204b       0x8f _build/nrf51822_xxaa_nrf_drv_clock.c.o
 .debug_macro   0x000020da       0xd6 _build/nrf51822_xxaa_nrf_drv_clock.c.o
 .debug_macro   0x000021b0      0x1fb _build/nrf51822_xxaa_nrf_drv_clock.c.o
 .debug_macro   0x000023ab      0x3fa _build/nrf51822_xxaa_nrf_drv_clock.c.o
 .debug_macro   0x000027a5       0x40 _build/nrf51822_xxaa_nrf_drv_clock.c.o
 .debug_macro   0x000027e5       0x22 _build/nrf51822_xxaa_nrf_drv_clock.c.o
 .debug_macro   0x00002807      0x201 _build/nrf51822_xxaa_nrf_drv_clock.c.o
 .debug_macro   0x00002a08       0x1c _build/nrf51822_xxaa_nrf_drv_clock.c.o
 .debug_macro   0x00002a24       0xdb _build/nrf51822_xxaa_nrf_drv_clock.c.o
 .debug_macro   0x00002aff       0x24 _build/nrf51822_xxaa_nrf_drv_clock.c.o
 .debug_macro   0x00002b23       0x16 _build/nrf51822_xxaa_nrf_drv_clock.c.o
 .debug_macro   0x00002b39       0x10 _build/nrf51822_xxaa_nrf_drv_clock.c.o
 .debug_macro   0x00002b49      0x18a _build/nrf51822_xxaa_nrf_drv_clock.c.o
 .debug_macro   0x00002cd3       0x1c _build/nrf51822_xxaa_nrf_drv_clock.c.o
 .debug_macro   0x00002cef       0x16 _build/nrf51822_xxaa_nrf_drv_clock.c.o
 .debug_macro   0x00002d05      0x176 _build/nrf51822_xxaa_nrf_drv_clock.c.o
 .debug_macro   0x00002e7b      0x387 _build/nrf51822_xxaa_nrf_drv_uart.c.o
 .debug_macro   0x00003202       0x10 _build/nrf51822_xxaa_nrf_drv_uart.c.o
 .debug_macro   0x00003212       0x36 _build/nrf51822_xxaa_nrf_drv_uart.c.o
 .debug_macro   0x00003248      0x290 _build/nrf51822_xxaa_main.c.o
 .debug_macro   0x000034d8       0xdf _build/nrf51822_xxaa_system_nrf51.c.o
 .debug_macro   0x000035b7      0x3f8 _build/nrf51822_xxaa_softdevice_handler.c.o
 .debug_macro   0x000039af       0x58 _build/nrf51822_xxaa_softdevice_handler.c.o
 .debug_macro   0x00003a07       0x5c _build/nrf51822_xxaa_softdevice_handler.c.o
 .debug_macro   0x00003a63      0x10e _build/nrf51822_xxaa_softdevice_handler.c.o
 .debug_macro   0x00003b71       0x86 _build/nrf51822_xxaa_softdevice_handler.c.o
 .debug_macro   0x00003bf7       0x57 _build/nrf51822_xxaa_softdevice_handler.c.o
 .debug_macro   0x00003c4e       0x10 _build/nrf51822_xxaa_softdevice_handler.c.o

.debug_line     0x00000000     0x4d2e
 .debug_line    0x00000000      0x638 _build/nrf51822_xxaa_app_error.c.o
 .debug_line    0x00000638      0x5f6 _build/nrf51822_xxaa_app_error_weak.c.o
 .debug_line    0x00000c2e      0xb12 _build/nrf51822_xxaa_app_timer.c.o
 .debug_line    0x00001740      0x76b _build/nrf51822_xxaa_boards.c.o
 .debug_line    0x00001eab      0xc61 _build/nrf51822_xxaa_nrf_drv_clock.c.o
 .debug_line    0x00002b0c      0xd74 _build/nrf51822_xxaa_nrf_drv_uart.c.o
 .debug_line    0x00003880      0x620 _build/nrf51822_xxaa_main.c.o
 .debug_line    0x00003ea0      0x374 _build/nrf51822_xxaa_system_nrf51.c.o
 .debug_line    0x00004214      0xb1a _build/nrf51822_xxaa_softdevice_handler.c.o

.debug_str      0x00000000    0x4041b
 .debug_str     0x00000000    0x3424f _build/nrf51822_xxaa_app_error.c.o
                              0x34547 (size before relaxing)
 .debug_str     0x0003424f       0xb6 _build/nrf51822_xxaa_app_error_weak.c.o
                              0x34494 (size before relaxing)
 .debug_str     0x00034305     0x1a33 _build/nrf51822_xxaa_app_timer.c.o
                              0x346fc (size before relaxing)
 .debug_str     0x00035d38     0x1742 _build/nrf51822_xxaa_boards.c.o
                              0x31011 (size before relaxing)
 .debug_str     0x0003747a     0x6ad1 _build/nrf51822_xxaa_nrf_drv_clock.c.o
                              0x3bcb8 (size before relaxing)
 .debug_str     0x0003df4b      0xf7a _build/nrf51822_xxaa_nrf_drv_uart.c.o
                              0x369b5 (size before relaxing)
 .debug_str     0x0003eec5       0x2f _build/nrf51822_xxaa_main.c.o
                              0x30b66 (size before relaxing)
 .debug_str     0x0003eef4      0x128 _build/nrf51822_xxaa_system_nrf51.c.o
                              0x2a768 (size before relaxing)
 .debug_str     0x0003f01c     0x13ff _build/nrf51822_xxaa_softdevice_handler.c.o
                              0x3c31e (size before relaxing)
