Archive member included to satisfy reference by file (symbol)

c:/nordic/gcc-arm-none-eabi-7-2018-q2-update-win32/bin/../lib/gcc/arm-none-eabi/7.3.1/../../../../arm-none-eabi/lib/thumb/v6-m\libc_nano.a(lib_a-exit.o)
                              c:/nordic/gcc-arm-none-eabi-7-2018-q2-update-win32/bin/../lib/gcc/arm-none-eabi/7.3.1/../../../../arm-none-eabi/lib/thumb/v6-m/crt0.o (exit)
c:/nordic/gcc-arm-none-eabi-7-2018-q2-update-win32/bin/../lib/gcc/arm-none-eabi/7.3.1/../../../../arm-none-eabi/lib/thumb/v6-m\libc_nano.a(lib_a-impure.o)
                              c:/nordic/gcc-arm-none-eabi-7-2018-q2-update-win32/bin/../lib/gcc/arm-none-eabi/7.3.1/../../../../arm-none-eabi/lib/thumb/v6-m\libc_nano.a(lib_a-exit.o) (_global_impure_ptr)
c:/nordic/gcc-arm-none-eabi-7-2018-q2-update-win32/bin/../lib/gcc/arm-none-eabi/7.3.1/../../../../arm-none-eabi/lib/thumb/v6-m\libc_nano.a(lib_a-init.o)
                              c:/nordic/gcc-arm-none-eabi-7-2018-q2-update-win32/bin/../lib/gcc/arm-none-eabi/7.3.1/../../../../arm-none-eabi/lib/thumb/v6-m/crt0.o (__libc_init_array)
c:/nordic/gcc-arm-none-eabi-7-2018-q2-update-win32/bin/../lib/gcc/arm-none-eabi/7.3.1/../../../../arm-none-eabi/lib/thumb/v6-m\libc_nano.a(lib_a-memset.o)
                              c:/nordic/gcc-arm-none-eabi-7-2018-q2-update-win32/bin/../lib/gcc/arm-none-eabi/7.3.1/../../../../arm-none-eabi/lib/thumb/v6-m/crt0.o (memset)
c:/nordic/gcc-arm-none-eabi-7-2018-q2-update-win32/bin/../lib/gcc/arm-none-eabi/7.3.1/../../../../arm-none-eabi/lib/thumb/v6-m\libnosys.a(_exit.o)
                              c:/nordic/gcc-arm-none-eabi-7-2018-q2-update-win32/bin/../lib/gcc/arm-none-eabi/7.3.1/../../../../arm-none-eabi/lib/thumb/v6-m\libc_nano.a(lib_a-exit.o) (_exit)
c:/nordic/gcc-arm-none-eabi-7-2018-q2-update-win32/bin/../lib/gcc/arm-none-eabi/7.3.1/thumb/v6-m\libgcc.a(_udivsi3.o)
                              _build/nrf51822_xxaa_bsp.c.o (__aeabi_uidiv)
c:/nordic/gcc-arm-none-eabi-7-2018-q2-update-win32/bin/../lib/gcc/arm-none-eabi/7.3.1/thumb/v6-m\libgcc.a(_divsi3.o)
                              _build/nrf51822_xxaa_bsp.c.o (__aeabi_idiv)
c:/nordic/gcc-arm-none-eabi-7-2018-q2-update-win32/bin/../lib/gcc/arm-none-eabi/7.3.1/thumb/v6-m\libgcc.a(_dvmd_tls.o)
                              c:/nordic/gcc-arm-none-eabi-7-2018-q2-update-win32/bin/../lib/gcc/arm-none-eabi/7.3.1/thumb/v6-m\libgcc.a(_udivsi3.o) (__aeabi_idiv0)
c:/nordic/gcc-arm-none-eabi-7-2018-q2-update-win32/bin/../lib/gcc/arm-none-eabi/7.3.1/../../../../arm-none-eabi/lib/thumb/v6-m\libc_nano.a(lib_a-memcpy-stub.o)
                              _build/nrf51822_xxaa_SEGGER_RTT.c.o (memcpy)
c:/nordic/gcc-arm-none-eabi-7-2018-q2-update-win32/bin/../lib/gcc/arm-none-eabi/7.3.1/../../../../arm-none-eabi/lib/thumb/v6-m\libc_nano.a(lib_a-strcpy.o)
                              _build/nrf51822_xxaa_SEGGER_RTT.c.o (strcpy)
c:/nordic/gcc-arm-none-eabi-7-2018-q2-update-win32/bin/../lib/gcc/arm-none-eabi/7.3.1/../../../../arm-none-eabi/lib/thumb/v6-m\libc_nano.a(lib_a-strlen.o)
                              _build/nrf51822_xxaa_main.c.o (strlen)

Allocating common symbols
Common symbol       size              file

nrf_nvic_state      0x8               _build/nrf51822_xxaa_app_util_platform.c.o
_SEGGER_RTT         0x78              _build/nrf51822_xxaa_SEGGER_RTT.c.o

Discarded input sections

 .text          0x00000000        0x0 c:/nordic/gcc-arm-none-eabi-7-2018-q2-update-win32/bin/../lib/gcc/arm-none-eabi/7.3.1/thumb/v6-m/crti.o
 .data          0x00000000        0x0 c:/nordic/gcc-arm-none-eabi-7-2018-q2-update-win32/bin/../lib/gcc/arm-none-eabi/7.3.1/thumb/v6-m/crti.o
 .bss           0x00000000        0x0 c:/nordic/gcc-arm-none-eabi-7-2018-q2-update-win32/bin/../lib/gcc/arm-none-eabi/7.3.1/thumb/v6-m/crti.o
 .data          0x00000000        0x4 c:/nordic/gcc-arm-none-eabi-7-2018-q2-update-win32/bin/../lib/gcc/arm-none-eabi/7.3.1/thumb/v6-m/crtbegin.o
 .data          0x00000000        0x0 c:/nordic/gcc-arm-none-eabi-7-2018-q2-update-win32/bin/../lib/gcc/arm-none-eabi/7.3.1/../../../../arm-none-eabi/lib/thumb/v6-m/crt0.o
 .bss           0x00000000        0x0 c:/nordic/gcc-arm-none-eabi-7-2018-q2-update-win32/bin/../lib/gcc/arm-none-eabi/7.3.1/../../../../arm-none-eabi/lib/thumb/v6-m/crt0.o
 .ARM.extab     0x00000000        0x0 c:/nordic/gcc-arm-none-eabi-7-2018-q2-update-win32/bin/../lib/gcc/arm-none-eabi/7.3.1/../../../../arm-none-eabi/lib/thumb/v6-m/crt0.o
 .text          0x00000000        0x0 c:/nordic/gcc-arm-none-eabi-7-2018-q2-update-win32/bin/../lib/gcc/arm-none-eabi/7.3.1/../../../../arm-none-eabi/lib/thumb/v6-m\libc_nano.a(lib_a-exit.o)
 .data          0x00000000        0x0 c:/nordic/gcc-arm-none-eabi-7-2018-q2-update-win32/bin/../lib/gcc/arm-none-eabi/7.3.1/../../../../arm-none-eabi/lib/thumb/v6-m\libc_nano.a(lib_a-exit.o)
[...]
Memory Configuration

Name             Origin             Length             Attributes
FLASH            0x0001b000         0x00025000         xr
RAM              0x20001fe8         0x00006018         xrw
*default*        0x00000000         0xffffffff

Linker script and memory map


.text           0x0001b000     0x2e64
 *(.isr_vector)
 .isr_vector    0x0001b000       0xc0 _build/nrf51822_xxaa_gcc_startup_nrf51.S.o
                0x0001b000                __isr_vector
 *(.text*)
 .text          0x0001b0c0       0x48 c:/nordic/gcc-arm-none-eabi-7-2018-q2-update-win32/bin/../lib/gcc/arm-none-eabi/7.3.1/thumb/v6-m/crtbegin.o
 .text          0x0001b108       0x78 c:/nordic/gcc-arm-none-eabi-7-2018-q2-update-win32/bin/../lib/gcc/arm-none-eabi/7.3.1/../../../../arm-none-eabi/lib/thumb/v6-m/crt0.o
                0x0001b108                _start
                0x0001b108                _mainCRTStartup
 .text.exit     0x0001b180       0x2c c:/nordic/gcc-arm-none-eabi-7-2018-q2-update-win32/bin/../lib/gcc/arm-none-eabi/7.3.1/../../../../arm-none-eabi/lib/thumb/v6-m\libc_nano.a(lib_a-exit.o)
                0x0001b180                exit
 .text.__libc_init_array
                0x0001b1ac       0x48 c:/nordic/gcc-arm-none-eabi-7-2018-q2-update-win32/bin/../lib/gcc/arm-none-eabi/7.3.1/../../../../arm-none-eabi/lib/thumb/v6-m\libc_nano.a(lib_a-init.o)
                0x0001b1ac                __libc_init_array
 .text.memset   0x0001b1f4       0x10 c:/nordic/gcc-arm-none-eabi-7-2018-q2-update-win32/bin/../lib/gcc/arm-none-eabi/7.3.1/../../../../arm-none-eabi/lib/thumb/v6-m\libc_nano.a(lib_a-memset.o)
                0x0001b1f4                memset
 .text._exit    0x0001b204        0x4 c:/nordic/gcc-arm-none-eabi-7-2018-q2-update-win32/bin/../lib/gcc/arm-none-eabi/7.3.1/../../../../arm-none-eabi/lib/thumb/v6-m\libnosys.a(_exit.o)
                0x0001b204                _exit
 .text.detection_delay_timeout_handler
                0x0001b208       0xa0 _build/nrf51822_xxaa_app_button.c.o
 .text.gpiote_event_handler
                0x0001b2a8       0x5c _build/nrf51822_xxaa_app_button.c.o
 .text.app_button_init
                0x0001b304       0xb0 _build/nrf51822_xxaa_app_button.c.o
                0x0001b304                app_button_init
 .text.app_button_enable
                0x0001b3b4       0x30 _build/nrf51822_xxaa_app_button.c.o
                0x0001b3b4                app_button_enable
 .text.app_button_disable
                0x0001b3e4       0x34 _build/nrf51822_xxaa_app_button.c.o
                0x0001b3e4                app_button_disable
 .text.app_error_handler_bare
                0x0001b418       0x20 _build/nrf51822_xxaa_app_error.c.o
                0x0001b418                app_error_handler_bare
 .text.app_error_fault_handler
                0x0001b438       0x1c _build/nrf51822_xxaa_app_error_weak.c.o
                0x0001b438                app_error_fault_handler
 .text.RTC1_IRQHandler
                0x0001b454       0xdc _build/nrf51822_xxaa_app_timer.c.o
                0x0001b454                RTC1_IRQHandler
 .text.SWI0_IRQHandler
                0x0001b530      0x4e4 _build/nrf51822_xxaa_app_timer.c.o
                0x0001b530                SWI0_IRQHandler
 .text.app_timer_init
                0x0001ba14      0x124 _build/nrf51822_xxaa_app_timer.c.o
                0x0001ba14                app_timer_init
 .text.app_timer_create
                0x0001bb38       0x2c _build/nrf51822_xxaa_app_timer.c.o
                0x0001bb38                app_timer_create
 .text.app_timer_start
                0x0001bb64       0xc4 _build/nrf51822_xxaa_app_timer.c.o
                0x0001bb64                app_timer_start
 .text.app_timer_stop
                0x0001bc28       0x88 _build/nrf51822_xxaa_app_timer.c.o
                0x0001bc28                app_timer_stop
 .text.app_util_critical_region_enter
                0x0001bcb0       0x40 _build/nrf51822_xxaa_app_util_platform.c.o
                0x0001bcb0                app_util_critical_region_enter
 .text.app_util_critical_region_exit
                0x0001bcf0       0x2c _build/nrf51822_xxaa_app_util_platform.c.o
                0x0001bcf0                app_util_critical_region_exit
 .text.bsp_board_led_on
                0x0001bd1c       0x1c _build/nrf51822_xxaa_boards.c.o
                0x0001bd1c                bsp_board_led_on
 .text.bsp_board_led_off
                0x0001bd38       0x18 _build/nrf51822_xxaa_boards.c.o
                0x0001bd38                bsp_board_led_off
 .text.bsp_board_leds_init
                0x0001bd50       0x3c _build/nrf51822_xxaa_boards.c.o
                0x0001bd50                bsp_board_leds_init
 .text.POWER_CLOCK_IRQHandler
                0x0001bd8c       0x78 _build/nrf51822_xxaa_nrf_drv_clock.c.o
                0x0001bd8c                POWER_CLOCK_IRQHandler
 .text.nrf_drv_clock_on_soc_event
                0x0001be04       0x24 _build/nrf51822_xxaa_nrf_drv_clock.c.o
                0x0001be04                nrf_drv_clock_on_soc_event
 .text.nrf_drv_clock_on_sd_enable
                0x0001be28       0x6c _build/nrf51822_xxaa_nrf_drv_clock.c.o
                0x0001be28                nrf_drv_clock_on_sd_enable
 .text.nrf_drv_common_irq_enable
                0x0001be94       0x68 _build/nrf51822_xxaa_nrf_drv_common.c.o
                0x0001be94                nrf_drv_common_irq_enable
 .text.nrf_drv_gpiote_init
                0x0001befc       0x64 _build/nrf51822_xxaa_nrf_drv_gpiote.c.o
                0x0001befc                nrf_drv_gpiote_init
 .text.nrf_drv_gpiote_is_init
                0x0001bf60       0x14 _build/nrf51822_xxaa_nrf_drv_gpiote.c.o
                0x0001bf60                nrf_drv_gpiote_is_init
 .text.nrf_drv_gpiote_in_init
                0x0001bf74      0x178 _build/nrf51822_xxaa_nrf_drv_gpiote.c.o
                0x0001bf74                nrf_drv_gpiote_in_init
 .text.nrf_drv_gpiote_in_event_enable
                0x0001c0ec       0xbc _build/nrf51822_xxaa_nrf_drv_gpiote.c.o
                0x0001c0ec                nrf_drv_gpiote_in_event_enable
 .text.nrf_drv_gpiote_in_event_disable
                0x0001c1a8       0x60 _build/nrf51822_xxaa_nrf_drv_gpiote.c.o
                0x0001c1a8                nrf_drv_gpiote_in_event_disable
 .text.nrf_drv_gpiote_in_is_set
                0x0001c208       0x14 _build/nrf51822_xxaa_nrf_drv_gpiote.c.o
                0x0001c208                nrf_drv_gpiote_in_is_set
 .text.GPIOTE_IRQHandler
                0x0001c21c      0x4e0 _build/nrf51822_xxaa_nrf_drv_gpiote.c.o
                0x0001c21c                GPIOTE_IRQHandler
 .text.UART0_IRQHandler
                0x0001c6fc      0x198 _build/nrf51822_xxaa_nrf_drv_uart.c.o
                0x0001c6fc                UART0_IRQHandler
 .text.sd_ble_gap_adv_start
                0x0001c894        0x4 _build/nrf51822_xxaa_main.c.o
 .text.sd_ble_gap_disconnect
                0x0001c898        0x4 _build/nrf51822_xxaa_main.c.o
 .text.sd_ble_gap_ppcp_set
                0x0001c89c        0x4 _build/nrf51822_xxaa_main.c.o
 .text.sd_ble_gap_device_name_set
                0x0001c8a0        0x4 _build/nrf51822_xxaa_main.c.o
 .text.sd_ble_gap_sec_params_reply
                0x0001c8a4        0x4 _build/nrf51822_xxaa_main.c.o
 .text.sd_ble_gatts_rw_authorize_reply
                0x0001c8a8        0x4 _build/nrf51822_xxaa_main.c.o
 .text.sd_ble_gatts_sys_attr_set
                0x0001c8ac        0x4 _build/nrf51822_xxaa_main.c.o
 .text.sd_ble_user_mem_reply
                0x0001c8b0        0x4 _build/nrf51822_xxaa_main.c.o
 .text.sd_app_evt_wait
                0x0001c8b4        0x4 _build/nrf51822_xxaa_main.c.o
 .text.conn_params_error_handler
                0x0001c8b8        0x8 _build/nrf51822_xxaa_main.c.o
 .text.led_write_handler
                0x0001c8c0       0x14 _build/nrf51822_xxaa_main.c.o
 .text.on_conn_params_evt
                0x0001c8d4       0x24 _build/nrf51822_xxaa_main.c.o
 .text.button_event_handler
                0x0001c8f8       0x28 _build/nrf51822_xxaa_main.c.o
 .text.ble_evt_dispatch
                0x0001c920      0x124 _build/nrf51822_xxaa_main.c.o
 .text.startup.main
                0x0001ca44      0x1b4 _build/nrf51822_xxaa_main.c.o
                0x0001ca44                main
 .text.sd_ble_gap_address_get
                0x0001cbf8        0x4 _build/nrf51822_xxaa_ble_advdata.c.o
 .text.sd_ble_gap_adv_data_set
                0x0001cbfc        0x4 _build/nrf51822_xxaa_ble_advdata.c.o
 .text.sd_ble_gap_appearance_get
                0x0001cc00        0x4 _build/nrf51822_xxaa_ble_advdata.c.o
 .text.sd_ble_gap_device_name_get
                0x0001cc04        0x4 _build/nrf51822_xxaa_ble_advdata.c.o
 .text.sd_ble_uuid_encode
                0x0001cc08        0x4 _build/nrf51822_xxaa_ble_advdata.c.o
 .text.uuid_list_sized_encode
                0x0001cc0c      0x100 _build/nrf51822_xxaa_ble_advdata.c.o
 .text.adv_data_encode
                0x0001cd0c      0x41c _build/nrf51822_xxaa_ble_advdata.c.o
                0x0001cd0c                adv_data_encode
 .text.ble_advdata_set
                0x0001d128      0x480 _build/nrf51822_xxaa_ble_advdata.c.o
                0x0001d128                ble_advdata_set
 .text.sd_ble_gap_conn_param_update
                0x0001d5a8        0x4 _build/nrf51822_xxaa_ble_conn_params.c.o
 .text.sd_ble_gap_disconnect
                0x0001d5ac        0x4 _build/nrf51822_xxaa_ble_conn_params.c.o
 .text.sd_ble_gap_ppcp_set
                0x0001d5b0        0x4 _build/nrf51822_xxaa_ble_conn_params.c.o
 .text.sd_ble_gap_ppcp_get
                0x0001d5b4        0x4 _build/nrf51822_xxaa_ble_conn_params.c.o
 .text.update_timeout_handler
                0x0001d5b8       0x78 _build/nrf51822_xxaa_ble_conn_params.c.o
 .text.conn_params_negotiation
                0x0001d630       0x88 _build/nrf51822_xxaa_ble_conn_params.c.o
 .text.ble_conn_params_init
                0x0001d6b8       0x78 _build/nrf51822_xxaa_ble_conn_params.c.o
                0x0001d6b8                ble_conn_params_init
 .text.ble_conn_params_on_ble_evt
                0x0001d730      0x120 _build/nrf51822_xxaa_ble_conn_params.c.o
                0x0001d730                ble_conn_params_on_ble_evt
 .text.ble_srv_is_notification_enabled
                0x0001d850        0x8 _build/nrf51822_xxaa_ble_srv_common.c.o
                0x0001d850                ble_srv_is_notification_enabled
 .text          0x0001d858       0x4c _build/nrf51822_xxaa_gcc_startup_nrf51.S.o
                0x0001d858                Reset_Handler
                0x0001d898                NMI_Handler
                0x0001d89a                HardFault_Handler
                0x0001d89c                SVC_Handler
                0x0001d89e                PendSV_Handler
                0x0001d8a0                SysTick_Handler
                0x0001d8a2                RTC0_IRQHandler
                0x0001d8a2                SPI0_TWI0_IRQHandler
                0x0001d8a2                LPCOMP_IRQHandler
                0x0001d8a2                SWI4_IRQHandler
                0x0001d8a2                TEMP_IRQHandler
                0x0001d8a2                QDEC_IRQHandler
                0x0001d8a2                SWI5_IRQHandler
                0x0001d8a2                TIMER0_IRQHandler
                0x0001d8a2                RADIO_IRQHandler
                0x0001d8a2                TIMER1_IRQHandler
                0x0001d8a2                ECB_IRQHandler
                0x0001d8a2                Default_Handler
                0x0001d8a2                ADC_IRQHandler
                0x0001d8a2                SWI3_IRQHandler
                0x0001d8a2                CCM_AAR_IRQHandler
                0x0001d8a2                WDT_IRQHandler
                0x0001d8a2                TIMER2_IRQHandler
                0x0001d8a2                RNG_IRQHandler
                0x0001d8a2                SPI1_TWI1_IRQHandler
                0x0001d8a2                SWI1_IRQHandler
 .text.SystemInit
                0x0001d8a4       0xe4 _build/nrf51822_xxaa_system_nrf51.c.o
                0x0001d8a4                SystemInit
 .text.sd_ble_gatts_service_add
                0x0001d988        0x4 _build/nrf51822_xxaa_ble_lbs.c.o
 .text.sd_ble_gatts_characteristic_add
                0x0001d98c        0x4 _build/nrf51822_xxaa_ble_lbs.c.o
 .text.sd_ble_gatts_hvx
                0x0001d990        0x4 _build/nrf51822_xxaa_ble_lbs.c.o
 .text.sd_ble_uuid_vs_add
                0x0001d994        0x4 _build/nrf51822_xxaa_ble_lbs.c.o
 .text.ble_lbs_on_ble_evt
                0x0001d998       0x3c _build/nrf51822_xxaa_ble_lbs.c.o
                0x0001d998                ble_lbs_on_ble_evt
 .text.ble_lbs_init
                0x0001d9d4      0x1bc _build/nrf51822_xxaa_ble_lbs.c.o
                0x0001d9d4                ble_lbs_init
 .text.ble_lbs_on_button_change
                0x0001db90       0x38 _build/nrf51822_xxaa_ble_lbs.c.o
                0x0001db90                ble_lbs_on_button_change
 .text.sd_evt_get
                0x0001dbc8        0x4 _build/nrf51822_xxaa_softdevice_handler.c.o
 .text.sd_softdevice_enable
                0x0001dbcc        0x4 _build/nrf51822_xxaa_softdevice_handler.c.o
 .text.sd_ble_enable
                0x0001dbd0        0x4 _build/nrf51822_xxaa_softdevice_handler.c.o
 .text.sd_ble_evt_get
                0x0001dbd4        0x4 _build/nrf51822_xxaa_softdevice_handler.c.o
 .text.softdevice_fault_handler
                0x0001dbd8        0x8 _build/nrf51822_xxaa_softdevice_handler.c.o
                0x0001dbd8                softdevice_fault_handler
 .text.intern_softdevice_events_execute.part.1
                0x0001dbe0       0xd8 _build/nrf51822_xxaa_softdevice_handler.c.o
 .text.softdevice_handler_is_enabled
                0x0001dcb8        0xc _build/nrf51822_xxaa_softdevice_handler.c.o
                0x0001dcb8                softdevice_handler_is_enabled
 .text.softdevice_handler_init
                0x0001dcc4       0xa0 _build/nrf51822_xxaa_softdevice_handler.c.o
                0x0001dcc4                softdevice_handler_init
 .text.softdevice_ble_evt_handler_set
                0x0001dd64       0x14 _build/nrf51822_xxaa_softdevice_handler.c.o
                0x0001dd64                softdevice_ble_evt_handler_set
 .text.SWI2_IRQHandler
                0x0001dd78       0x30 _build/nrf51822_xxaa_softdevice_handler.c.o
                0x0001dd78                SWI2_IRQHandler
 .text.softdevice_enable_get_default_config
                0x0001dda8       0x30 _build/nrf51822_xxaa_softdevice_handler.c.o
                0x0001dda8                softdevice_enable_get_default_config
 .text.softdevice_enable
                0x0001ddd8       0x1c _build/nrf51822_xxaa_softdevice_handler.c.o
                0x0001ddd8                softdevice_enable
 .text.memcpy   0x0001ddf4       0x12 c:/nordic/gcc-arm-none-eabi-7-2018-q2-update-win32/bin/../lib/gcc/arm-none-eabi/7.3.1/../../../../arm-none-eabi/lib/thumb/v6-m\libc_nano.a(lib_a-memcpy-stub.o)
                0x0001ddf4                memcpy
 .text          0x0001de06        0xe c:/nordic/gcc-arm-none-eabi-7-2018-q2-update-win32/bin/../lib/gcc/arm-none-eabi/7.3.1/../../../../arm-none-eabi/lib/thumb/v6-m\libc_nano.a(lib_a-strlen.o)
                0x0001de06                strlen
 *(.init)
 .init          0x0001de14        0x4 c:/nordic/gcc-arm-none-eabi-7-2018-q2-update-win32/bin/../lib/gcc/arm-none-eabi/7.3.1/thumb/v6-m/crti.o
                0x0001de14                _init
 .init          0x0001de18        0x8 c:/nordic/gcc-arm-none-eabi-7-2018-q2-update-win32/bin/../lib/gcc/arm-none-eabi/7.3.1/thumb/v6-m/crtn.o
 *(.fini)
 .fini          0x0001de20        0x4 c:/nordic/gcc-arm-none-eabi-7-2018-q2-update-win32/bin/../lib/gcc/arm-none-eabi/7.3.1/thumb/v6-m/crti.o
                0x0001de20                _fini
 .fini          0x0001de24        0x8 c:/nordic/gcc-arm-none-eabi-7-2018-q2-update-win32/bin/../lib/gcc/arm-none-eabi/7.3.1/thumb/v6-m/crtn.o
 *crtbegin.o(.ctors)
 *crtbegin?.o(.ctors)
 *(EXCLUDE_FILE(*crtend.o *crtend?.o) .ctors)
 *(SORT_BY_NAME(.ctors.*))
 *(.ctors)
 *crtbegin.o(.dtors)
 *crtbegin?.o(.dtors)
 *(EXCLUDE_FILE(*crtend.o *crtend?.o) .dtors)
 *(SORT_BY_NAME(.dtors.*))
 *(.dtors)
 *(.rodata*)
 .rodata._global_impure_ptr
                0x0001de2c        0x4 c:/nordic/gcc-arm-none-eabi-7-2018-q2-update-win32/bin/../lib/gcc/arm-none-eabi/7.3.1/../../../../arm-none-eabi/lib/thumb/v6-m\libc_nano.a(lib_a-impure.o)
                0x0001de2c                _global_impure_ptr
 .rodata.m_detection_delay_timer_id
                0x0001de30        0x4 _build/nrf51822_xxaa_app_button.c.o
 .rodata.m_board_led_list
                0x0001de34        0x4 _build/nrf51822_xxaa_boards.c.o
 .rodata        0x0001de38        0x4 _build/nrf51822_xxaa_main.c.o
 .rodata.main.str1.4
                0x0001de3c       0x10 _build/nrf51822_xxaa_main.c.o
                                  0xe (size before relaxing)
 .rodata.m_conn_params_timer_id
                0x0001de4c        0x4 _build/nrf51822_xxaa_ble_conn_params.c.o
 .rodata        0x0001de50       0x10 _build/nrf51822_xxaa_ble_lbs.c.o
 *(.eh_frame*)
 .eh_frame      0x0001de60        0x0 c:/nordic/gcc-arm-none-eabi-7-2018-q2-update-win32/bin/../lib/gcc/arm-none-eabi/7.3.1/thumb/v6-m/crtbegin.o
 .eh_frame      0x0001de60        0x4 c:/nordic/gcc-arm-none-eabi-7-2018-q2-update-win32/bin/../lib/gcc/arm-none-eabi/7.3.1/thumb/v6-m/crtend.o

.glue_7         0x0001de64        0x0
 .glue_7        0x0001de64        0x0 linker stubs

.glue_7t        0x0001de64        0x0
 .glue_7t       0x0001de64        0x0 linker stubs

.vfp11_veneer   0x0001de64        0x0
 .vfp11_veneer  0x0001de64        0x0 linker stubs

.v4_bx          0x0001de64        0x0
 .v4_bx         0x0001de64        0x0 linker stubs

.iplt           0x0001de64        0x0
 .iplt          0x0001de64        0x0 c:/nordic/gcc-arm-none-eabi-7-2018-q2-update-win32/bin/../lib/gcc/arm-none-eabi/7.3.1/thumb/v6-m/crtbegin.o

.ARM.extab
 *(.ARM.extab* .gnu.linkonce.armextab.*)
                0x0001de64                __exidx_start = .

.ARM.exidx      0x0001de64        0x8
 *(.ARM.exidx* .gnu.linkonce.armexidx.*)
 .ARM.exidx     0x0001de64        0x8 c:/nordic/gcc-arm-none-eabi-7-2018-q2-update-win32/bin/../lib/gcc/arm-none-eabi/7.3.1/../../../../arm-none-eabi/lib/thumb/v6-m/crt0.o
                0x0001de6c                __exidx_end = .
                0x0001de6c                __etext = .

.rel.dyn        0x0001de6c        0x0
 .rel.iplt      0x0001de6c        0x0 c:/nordic/gcc-arm-none-eabi-7-2018-q2-update-win32/bin/../lib/gcc/arm-none-eabi/7.3.1/thumb/v6-m/crtbegin.o

.data           0x20001fe8       0x78 load address 0x0001de6c
                0x20001fe8                __data_start__ = .
 *(vtable)
 *(.data*)
 .data.impure_data
                0x20001fe8       0x60 c:/nordic/gcc-arm-none-eabi-7-2018-q2-update-win32/bin/../lib/gcc/arm-none-eabi/7.3.1/../../../../arm-none-eabi/lib/thumb/v6-m\libc_nano.a(lib_a-impure.o)
 .data.buttons.7930
                0x20002048        0x8 _build/nrf51822_xxaa_main.c.o
 .data.m_conn_handle
                0x20002050        0x2 _build/nrf51822_xxaa_main.c.o
 *fill*         0x20002052        0x2 
 .data.SystemCoreClock
                0x20002054        0x4 _build/nrf51822_xxaa_system_nrf51.c.o
                0x20002054                SystemCoreClock
                0x20002058                . = ALIGN (0x4)
                0x20002058                PROVIDE (__preinit_array_start = .)
 *(.preinit_array)
                0x20002058                PROVIDE (__preinit_array_end = .)
                0x20002058                . = ALIGN (0x4)
                0x20002058                PROVIDE (__init_array_start = .)
 *(SORT_BY_NAME(.init_array.*))
 *(.init_array)
 .init_array    0x20002058        0x4 c:/nordic/gcc-arm-none-eabi-7-2018-q2-update-win32/bin/../lib/gcc/arm-none-eabi/7.3.1/thumb/v6-m/crtbegin.o
                0x2000205c                PROVIDE (__init_array_end = .)
                0x2000205c                . = ALIGN (0x4)
                [!provide]                PROVIDE (__fini_array_start = .)
 *(SORT_BY_NAME(.fini_array.*))
 *(.fini_array)
 .fini_array    0x2000205c        0x4 c:/nordic/gcc-arm-none-eabi-7-2018-q2-update-win32/bin/../lib/gcc/arm-none-eabi/7.3.1/thumb/v6-m/crtbegin.o
                [!provide]                PROVIDE (__fini_array_end = .)
 *(.jcr*)
                0x20002060                . = ALIGN (0x4)
                0x20002060                __data_end__ = .
LOAD c:/nordic/gcc-arm-none-eabi-7-2018-q2-update-win32/bin/../lib/gcc/arm-none-eabi/7.3.1/thumb/v6-m/crti.o
LOAD c:/nordic/gcc-arm-none-eabi-7-2018-q2-update-win32/bin/../lib/gcc/arm-none-eabi/7.3.1/thumb/v6-m/crtbegin.o
LOAD c:/nordic/gcc-arm-none-eabi-7-2018-q2-update-win32/bin/../lib/gcc/arm-none-eabi/7.3.1/../../../../arm-none-eabi/lib/thumb/v6-m/crt0.o
LOAD c:/nordic/gcc-arm-none-eabi-7-2018-q2-update-win32/bin/../lib/gcc/arm-none-eabi/7.3.1/../../../../arm-none-eabi/lib/thumb/v6-m\libc_nano.a
LOAD c:/nordic/gcc-arm-none-eabi-7-2018-q2-update-win32/bin/../lib/gcc/arm-none-eabi/7.3.1/../../../../arm-none-eabi/lib/thumb/v6-m\libnosys.a
LOAD _build/nrf51822_xxaa_nrf_log_backend_serial.c.o
LOAD _build/nrf51822_xxaa_nrf_log_frontend.c.o
LOAD _build/nrf51822_xxaa_app_button.c.o
LOAD _build/nrf51822_xxaa_app_error.c.o
LOAD _build/nrf51822_xxaa_app_error_weak.c.o
LOAD _build/nrf51822_xxaa_app_timer.c.o
LOAD _build/nrf51822_xxaa_app_util_platform.c.o
LOAD _build/nrf51822_xxaa_hardfault_implementation.c.o
LOAD _build/nrf51822_xxaa_nrf_assert.c.o
LOAD _build/nrf51822_xxaa_sdk_errors.c.o
LOAD _build/nrf51822_xxaa_boards.c.o
LOAD _build/nrf51822_xxaa_nrf_drv_clock.c.o
LOAD _build/nrf51822_xxaa_nrf_drv_common.c.o
LOAD _build/nrf51822_xxaa_nrf_drv_gpiote.c.o
LOAD _build/nrf51822_xxaa_nrf_drv_uart.c.o
LOAD _build/nrf51822_xxaa_bsp.c.o
LOAD _build/nrf51822_xxaa_bsp_nfc.c.o
LOAD _build/nrf51822_xxaa_main.c.o
LOAD _build/nrf51822_xxaa_RTT_Syscalls_GCC.c.o
LOAD _build/nrf51822_xxaa_SEGGER_RTT.c.o
LOAD _build/nrf51822_xxaa_SEGGER_RTT_printf.c.o
LOAD _build/nrf51822_xxaa_ble_advdata.c.o
LOAD _build/nrf51822_xxaa_ble_conn_params.c.o
LOAD _build/nrf51822_xxaa_ble_srv_common.c.o
LOAD _build/nrf51822_xxaa_gcc_startup_nrf51.S.o
LOAD _build/nrf51822_xxaa_system_nrf51.c.o
LOAD _build/nrf51822_xxaa_ble_lbs.c.o
LOAD _build/nrf51822_xxaa_softdevice_handler.c.o
LOAD c:/nordic/gcc-arm-none-eabi-7-2018-q2-update-win32/bin/../lib/gcc/arm-none-eabi/7.3.1/../../../../arm-none-eabi/lib/thumb/v6-m\libm.a
START GROUP
LOAD c:/nordic/gcc-arm-none-eabi-7-2018-q2-update-win32/bin/../lib/gcc/arm-none-eabi/7.3.1/thumb/v6-m\libgcc.a
LOAD c:/nordic/gcc-arm-none-eabi-7-2018-q2-update-win32/bin/../lib/gcc/arm-none-eabi/7.3.1/../../../../arm-none-eabi/lib/thumb/v6-m\libc_nano.a
END GROUP
START GROUP
LOAD c:/nordic/gcc-arm-none-eabi-7-2018-q2-update-win32/bin/../lib/gcc/arm-none-eabi/7.3.1/thumb/v6-m\libgcc.a
LOAD c:/nordic/gcc-arm-none-eabi-7-2018-q2-update-win32/bin/../lib/gcc/arm-none-eabi/7.3.1/../../../../arm-none-eabi/lib/thumb/v6-m\libc_nano.a
END GROUP
LOAD c:/nordic/gcc-arm-none-eabi-7-2018-q2-update-win32/bin/../lib/gcc/arm-none-eabi/7.3.1/thumb/v6-m/crtend.o
LOAD c:/nordic/gcc-arm-none-eabi-7-2018-q2-update-win32/bin/../lib/gcc/arm-none-eabi/7.3.1/thumb/v6-m/crtn.o
START GROUP
LOAD c:/nordic/gcc-arm-none-eabi-7-2018-q2-update-win32/bin/../lib/gcc/arm-none-eabi/7.3.1/thumb/v6-m\libgcc.a
LOAD c:/nordic/gcc-arm-none-eabi-7-2018-q2-update-win32/bin/../lib/gcc/arm-none-eabi/7.3.1/../../../../arm-none-eabi/lib/thumb/v6-m\libc.a
LOAD c:/nordic/gcc-arm-none-eabi-7-2018-q2-update-win32/bin/../lib/gcc/arm-none-eabi/7.3.1/../../../../arm-none-eabi/lib/thumb/v6-m\libnosys.a
END GROUP

.igot.plt       0x20002060        0x0 load address 0x0001dee4
 .igot.plt      0x20002060        0x0 c:/nordic/gcc-arm-none-eabi-7-2018-q2-update-win32/bin/../lib/gcc/arm-none-eabi/7.3.1/thumb/v6-m/crtbegin.o

.fs_data        0x20002060        0x0
                [!provide]                PROVIDE (__start_fs_data = .)
 *(.fs_data)
                [!provide]                PROVIDE (__stop_fs_data = .)

.pwr_mgmt_data  0x20002060        0x0
                [!provide]                PROVIDE (__start_pwr_mgmt_data = .)
 *(.pwr_mgmt_data)
                [!provide]                PROVIDE (__stop_pwr_mgmt_data = .)

.bss            0x20002060      0x238 load address 0x0001dee4
                0x20002060                . = ALIGN (0x4)
                0x20002060                __bss_start__ = .
 *(.bss*)
 .bss           0x20002060       0x1c c:/nordic/gcc-arm-none-eabi-7-2018-q2-update-win32/bin/../lib/gcc/arm-none-eabi/7.3.1/thumb/v6-m/crtbegin.o
 .bss.m_button_count
                0x2000207c        0x1 _build/nrf51822_xxaa_app_button.c.o
 *fill*         0x2000207d        0x3 
 .bss.m_detection_delay
                0x20002080        0x4 _build/nrf51822_xxaa_app_button.c.o
 .bss.m_detection_delay_timer_id_data
                0x20002084       0x20 _build/nrf51822_xxaa_app_button.c.o
 .bss.m_pin_state
                0x200020a4        0x4 _build/nrf51822_xxaa_app_button.c.o
 .bss.m_pin_transition
                0x200020a8        0x4 _build/nrf51822_xxaa_app_button.c.o
 .bss.mp_buttons
                0x200020ac        0x4 _build/nrf51822_xxaa_app_button.c.o
 .bss.m_evt_schedule_func
                0x200020b0        0x4 _build/nrf51822_xxaa_app_timer.c.o
 .bss.m_op_queue
                0x200020b4        0x8 _build/nrf51822_xxaa_app_timer.c.o
 .bss.m_rtc1_reset
                0x200020bc        0x1 _build/nrf51822_xxaa_app_timer.c.o
 .bss.m_rtc1_running
                0x200020bd        0x1 _build/nrf51822_xxaa_app_timer.c.o
 *fill*         0x200020be        0x2 
 .bss.m_ticks_elapsed
                0x200020c0        0x8 _build/nrf51822_xxaa_app_timer.c.o
 .bss.m_ticks_elapsed_q_read_ind
                0x200020c8        0x1 _build/nrf51822_xxaa_app_timer.c.o
 .bss.m_ticks_elapsed_q_write_ind
                0x200020c9        0x1 _build/nrf51822_xxaa_app_timer.c.o
 *fill*         0x200020ca        0x2 
 .bss.m_ticks_latest
                0x200020cc        0x4 _build/nrf51822_xxaa_app_timer.c.o
 .bss.mp_timer_id_head
                0x200020d0        0x4 _build/nrf51822_xxaa_app_timer.c.o
 .bss.m_clock_cb
                0x200020d4       0x14 _build/nrf51822_xxaa_nrf_drv_clock.c.o
 .bss.m_cb      0x200020e8       0x48 _build/nrf51822_xxaa_nrf_drv_gpiote.c.o
 .bss.m_cb      0x20002130       0x1c _build/nrf51822_xxaa_nrf_drv_uart.c.o
 .bss.APP_TIMER_BUF.7829
                0x2000214c       0x78 _build/nrf51822_xxaa_main.c.o
 .bss.BLE_EVT_BUFFER.7910
                0x200021c4       0x48 _build/nrf51822_xxaa_main.c.o
 .bss.m_lbs     0x2000220c       0x1c _build/nrf51822_xxaa_main.c.o
 .bss.m_change_param
                0x20002228        0x1 _build/nrf51822_xxaa_ble_conn_params.c.o
 *fill*         0x20002229        0x1 
 .bss.m_conn_handle
                0x2000222a        0x2 _build/nrf51822_xxaa_ble_conn_params.c.o
 .bss.m_conn_params_config
                0x2000222c       0x1c _build/nrf51822_xxaa_ble_conn_params.c.o
 .bss.m_conn_params_timer_id_data
                0x20002248       0x20 _build/nrf51822_xxaa_ble_conn_params.c.o
 .bss.m_current_conn_params
                0x20002268        0x8 _build/nrf51822_xxaa_ble_conn_params.c.o
 .bss.m_preferred_conn_params
                0x20002270        0x8 _build/nrf51822_xxaa_ble_conn_params.c.o
 .bss.m_update_count
                0x20002278        0x1 _build/nrf51822_xxaa_ble_conn_params.c.o
 *fill*         0x20002279        0x1 
 .bss.m_ble_evt_buffer_size
                0x2000227a        0x2 _build/nrf51822_xxaa_softdevice_handler.c.o
 .bss.m_ble_evt_handler
                0x2000227c        0x4 _build/nrf51822_xxaa_softdevice_handler.c.o
 .bss.m_evt_schedule_func
                0x20002280        0x4 _build/nrf51822_xxaa_softdevice_handler.c.o
 .bss.m_softdevice_enabled
                0x20002284        0x1 _build/nrf51822_xxaa_softdevice_handler.c.o
 .bss.m_suspended
                0x20002285        0x1 _build/nrf51822_xxaa_softdevice_handler.c.o
 *fill*         0x20002286        0x2 
 .bss.m_sys_evt_handler
                0x20002288        0x4 _build/nrf51822_xxaa_softdevice_handler.c.o
 .bss.mp_ble_evt_buffer
                0x2000228c        0x4 _build/nrf51822_xxaa_softdevice_handler.c.o
 *(COMMON)
 COMMON         0x20002290        0x8 _build/nrf51822_xxaa_app_util_platform.c.o
                0x20002290                nrf_nvic_state
                0x20002298                . = ALIGN (0x4)
                0x20002298                __bss_end__ = .

.heap           0x20002298      0x800
                0x20002298                __HeapBase = .
                0x20002298                __end__ = .
                [!provide]                PROVIDE (end = .)
 *(.heap*)
 .heap          0x20002298      0x800 _build/nrf51822_xxaa_gcc_startup_nrf51.S.o
                0x20002a98                __HeapLimit = .

.stack_dummy    0x20002298      0x800
 *(.stack*)
 .stack         0x20002298      0x800 _build/nrf51822_xxaa_gcc_startup_nrf51.S.o
                0x20008000                __StackTop = (ORIGIN (RAM) + LENGTH (RAM))
                0x20007800                __StackLimit = (__StackTop - SIZEOF (.stack_dummy))
                0x20008000                PROVIDE (__stack = __StackTop)
                0x00000001                ASSERT ((__StackLimit >= __HeapLimit), region RAM overflowed with stack)
OUTPUT(_build/nrf51822_xxaa.out elf32-littlearm)

.ARM.attributes
                0x00000000       0x28
 .ARM.attributes
                0x00000000       0x1e c:/nordic/gcc-arm-none-eabi-7-2018-q2-update-win32/bin/../lib/gcc/arm-none-eabi/7.3.1/thumb/v6-m/crti.o
 .ARM.attributes
                0x0000001e       0x2c c:/nordic/gcc-arm-none-eabi-7-2018-q2-update-win32/bin/../lib/gcc/arm-none-eabi/7.3.1/thumb/v6-m/crtbegin.o
 .ARM.attributes
                0x0000004a       0x1b c:/nordic/gcc-arm-none-eabi-7-2018-q2-update-win32/bin/../lib/gcc/arm-none-eabi/7.3.1/../../../../arm-none-eabi/lib/thumb/v6-m/crt0.o
 .ARM.attributes
                0x00000065       0x2c c:/nordic/gcc-arm-none-eabi-7-2018-q2-update-win32/bin/../lib/gcc/arm-none-eabi/7.3.1/../../../../arm-none-eabi/lib/thumb/v6-m\libc_nano.a(lib_a-exit.o)
 .ARM.attributes
                0x00000091       0x2c c:/nordic/gcc-arm-none-eabi-7-2018-q2-update-win32/bin/../lib/gcc/arm-none-eabi/7.3.1/../../../../arm-none-eabi/lib/thumb/v6-m\libc_nano.a(lib_a-impure.o)
 .ARM.attributes
                0x000000bd       0x2c c:/nordic/gcc-arm-none-eabi-7-2018-q2-update-win32/bin/../lib/gcc/arm-none-eabi/7.3.1/../../../../arm-none-eabi/lib/thumb/v6-m\libc_nano.a(lib_a-init.o)
 .ARM.attributes
                0x000000e9       0x2c c:/nordic/gcc-arm-none-eabi-7-2018-q2-update-win32/bin/../lib/gcc/arm-none-eabi/7.3.1/../../../../arm-none-eabi/lib/thumb/v6-m\libc_nano.a(lib_a-memset.o)
 .ARM.attributes
                0x00000115       0x2c c:/nordic/gcc-arm-none-eabi-7-2018-q2-update-win32/bin/../lib/gcc/arm-none-eabi/7.3.1/../../../../arm-none-eabi/lib/thumb/v6-m\libnosys.a(_exit.o)
 .ARM.attributes
                0x00000141       0x31 _build/nrf51822_xxaa_app_button.c.o
 .ARM.attributes
                0x00000172       0x31 _build/nrf51822_xxaa_app_error.c.o
 .ARM.attributes
                0x000001a3       0x31 _build/nrf51822_xxaa_app_error_weak.c.o
 .ARM.attributes
                0x000001d4       0x31 _build/nrf51822_xxaa_app_timer.c.o
 .ARM.attributes
                0x00000205       0x31 _build/nrf51822_xxaa_app_util_platform.c.o
 .ARM.attributes
                0x00000236       0x31 _build/nrf51822_xxaa_boards.c.o
 .ARM.attributes
                0x00000267       0x31 _build/nrf51822_xxaa_nrf_drv_clock.c.o
 .ARM.attributes
                0x00000298       0x31 _build/nrf51822_xxaa_nrf_drv_common.c.o
 .ARM.attributes
                0x000002c9       0x31 _build/nrf51822_xxaa_nrf_drv_gpiote.c.o
 .ARM.attributes
                0x000002fa       0x31 _build/nrf51822_xxaa_nrf_drv_uart.c.o
 .ARM.attributes
                0x0000032b       0x31 _build/nrf51822_xxaa_main.c.o
 .ARM.attributes
                0x0000035c       0x31 _build/nrf51822_xxaa_ble_advdata.c.o
 .ARM.attributes
                0x0000038d       0x31 _build/nrf51822_xxaa_ble_conn_params.c.o
 .ARM.attributes
                0x000003be       0x31 _build/nrf51822_xxaa_ble_srv_common.c.o
 .ARM.attributes
                0x000003ef       0x1b _build/nrf51822_xxaa_gcc_startup_nrf51.S.o
 .ARM.attributes
                0x0000040a       0x31 _build/nrf51822_xxaa_system_nrf51.c.o
 .ARM.attributes
                0x0000043b       0x31 _build/nrf51822_xxaa_ble_lbs.c.o
 .ARM.attributes
                0x0000046c       0x31 _build/nrf51822_xxaa_softdevice_handler.c.o
 .ARM.attributes
                0x0000049d       0x2c c:/nordic/gcc-arm-none-eabi-7-2018-q2-update-win32/bin/../lib/gcc/arm-none-eabi/7.3.1/../../../../arm-none-eabi/lib/thumb/v6-m\libc_nano.a(lib_a-memcpy-stub.o)
 .ARM.attributes
                0x000004c9       0x1c c:/nordic/gcc-arm-none-eabi-7-2018-q2-update-win32/bin/../lib/gcc/arm-none-eabi/7.3.1/../../../../arm-none-eabi/lib/thumb/v6-m\libc_nano.a(lib_a-strlen.o)
 .ARM.attributes
                0x000004e5       0x2c c:/nordic/gcc-arm-none-eabi-7-2018-q2-update-win32/bin/../lib/gcc/arm-none-eabi/7.3.1/thumb/v6-m/crtend.o
 .ARM.attributes
                0x00000511       0x1e c:/nordic/gcc-arm-none-eabi-7-2018-q2-update-win32/bin/../lib/gcc/arm-none-eabi/7.3.1/thumb/v6-m/crtn.o

.comment        0x00000000       0x7f
 .comment       0x00000000       0x7f _build/nrf51822_xxaa_app_button.c.o
                                 0x80 (size before relaxing)
 .comment       0x0000007f       0x80 _build/nrf51822_xxaa_app_error.c.o
 .comment       0x0000007f       0x80 _build/nrf51822_xxaa_app_error_weak.c.o
 .comment       0x0000007f       0x80 _build/nrf51822_xxaa_app_timer.c.o
 .comment       0x0000007f       0x80 _build/nrf51822_xxaa_app_util_platform.c.o
 .comment       0x0000007f       0x80 _build/nrf51822_xxaa_boards.c.o
 .comment       0x0000007f       0x80 _build/nrf51822_xxaa_nrf_drv_clock.c.o
 .comment       0x0000007f       0x80 _build/nrf51822_xxaa_nrf_drv_common.c.o
 .comment       0x0000007f       0x80 _build/nrf51822_xxaa_nrf_drv_gpiote.c.o
 .comment       0x0000007f       0x80 _build/nrf51822_xxaa_nrf_drv_uart.c.o
 .comment       0x0000007f       0x80 _build/nrf51822_xxaa_main.c.o
 .comment       0x0000007f       0x80 _build/nrf51822_xxaa_ble_advdata.c.o
 .comment       0x0000007f       0x80 _build/nrf51822_xxaa_ble_conn_params.c.o
 .comment       0x0000007f       0x80 _build/nrf51822_xxaa_ble_srv_common.c.o
 .comment       0x0000007f       0x80 _build/nrf51822_xxaa_system_nrf51.c.o
 .comment       0x0000007f       0x80 _build/nrf51822_xxaa_ble_lbs.c.o
 .comment       0x0000007f       0x80 _build/nrf51822_xxaa_softdevice_handler.c.o

.debug_frame    0x00000000     0x1058
 .debug_frame   0x00000000       0x28 c:/nordic/gcc-arm-none-eabi-7-2018-q2-update-win32/bin/../lib/gcc/arm-none-eabi/7.3.1/../../../../arm-none-eabi/lib/thumb/v6-m\libc_nano.a(lib_a-exit.o)
 .debug_frame   0x00000028       0x2c c:/nordic/gcc-arm-none-eabi-7-2018-q2-update-win32/bin/../lib/gcc/arm-none-eabi/7.3.1/../../../../arm-none-eabi/lib/thumb/v6-m\libc_nano.a(lib_a-init.o)
 .debug_frame   0x00000054       0x20 c:/nordic/gcc-arm-none-eabi-7-2018-q2-update-win32/bin/../lib/gcc/arm-none-eabi/7.3.1/../../../../arm-none-eabi/lib/thumb/v6-m\libc_nano.a(lib_a-memset.o)
 .debug_frame   0x00000074       0x20 c:/nordic/gcc-arm-none-eabi-7-2018-q2-update-win32/bin/../lib/gcc/arm-none-eabi/7.3.1/../../../../arm-none-eabi/lib/thumb/v6-m\libnosys.a(_exit.o)
 .debug_frame   0x00000094       0xd0 _build/nrf51822_xxaa_app_button.c.o
 .debug_frame   0x00000164       0x5c _build/nrf51822_xxaa_app_error.c.o
 .debug_frame   0x000001c0       0x20 _build/nrf51822_xxaa_app_error_weak.c.o
 .debug_frame   0x000001e0      0x120 _build/nrf51822_xxaa_app_timer.c.o
 .debug_frame   0x00000300       0x68 _build/nrf51822_xxaa_app_util_platform.c.o
 .debug_frame   0x00000368       0xe8 _build/nrf51822_xxaa_boards.c.o
 .debug_frame   0x00000450      0x1c0 _build/nrf51822_xxaa_nrf_drv_clock.c.o
 .debug_frame   0x00000610       0x3c _build/nrf51822_xxaa_nrf_drv_common.c.o
 .debug_frame   0x0000064c      0x1fc _build/nrf51822_xxaa_nrf_drv_gpiote.c.o
 .debug_frame   0x00000848      0x14c _build/nrf51822_xxaa_nrf_drv_uart.c.o
 .debug_frame   0x00000994      0x158 _build/nrf51822_xxaa_main.c.o
 .debug_frame   0x00000aec       0xe4 _build/nrf51822_xxaa_ble_advdata.c.o
 .debug_frame   0x00000bd0       0xf8 _build/nrf51822_xxaa_ble_conn_params.c.o
 .debug_frame   0x00000cc8       0xcc _build/nrf51822_xxaa_ble_srv_common.c.o
 .debug_frame   0x00000d94       0x30 _build/nrf51822_xxaa_system_nrf51.c.o
 .debug_frame   0x00000dc4       0xb4 _build/nrf51822_xxaa_ble_lbs.c.o
 .debug_frame   0x00000e78      0x1b8 _build/nrf51822_xxaa_softdevice_handler.c.o
 .debug_frame   0x00001030       0x28 c:/nordic/gcc-arm-none-eabi-7-2018-q2-update-win32/bin/../lib/gcc/arm-none-eabi/7.3.1/../../../../arm-none-eabi/lib/thumb/v6-m\libc_nano.a(lib_a-memcpy-stub.o)

.debug_info     0x00000000    0x1dd45
 .debug_info    0x00000000      0xe08 _build/nrf51822_xxaa_app_button.c.o
 .debug_info    0x00000e08      0xb47 _build/nrf51822_xxaa_app_error.c.o
 .debug_info    0x0000194f      0xa12 _build/nrf51822_xxaa_app_error_weak.c.o
 .debug_info    0x00002361     0x2325 _build/nrf51822_xxaa_app_timer.c.o
 .debug_info    0x00004686      0xd5a _build/nrf51822_xxaa_app_util_platform.c.o
 .debug_info    0x000053e0     0x13ce _build/nrf51822_xxaa_boards.c.o
 .debug_info    0x000067ae     0x1e49 _build/nrf51822_xxaa_nrf_drv_clock.c.o
 .debug_info    0x000085f7      0xd10 _build/nrf51822_xxaa_nrf_drv_common.c.o
 .debug_info    0x00009307     0x2d35 _build/nrf51822_xxaa_nrf_drv_gpiote.c.o
 .debug_info    0x0000c03c     0x3301 _build/nrf51822_xxaa_nrf_drv_uart.c.o
 .debug_info    0x0000f33d     0x3a94 _build/nrf51822_xxaa_main.c.o
 .debug_info    0x00012dd1     0x234d _build/nrf51822_xxaa_ble_advdata.c.o
 .debug_info    0x0001511e     0x24a7 _build/nrf51822_xxaa_ble_conn_params.c.o
 .debug_info    0x000175c5     0x14bd _build/nrf51822_xxaa_ble_srv_common.c.o
 .debug_info    0x00018a82      0x1e2 _build/nrf51822_xxaa_system_nrf51.c.o
 .debug_info    0x00018c64     0x2554 _build/nrf51822_xxaa_ble_lbs.c.o
 .debug_info    0x0001b1b8     0x2b8d _build/nrf51822_xxaa_softdevice_handler.c.o

.debug_abbrev   0x00000000     0x3e61
 .debug_abbrev  0x00000000      0x2af _build/nrf51822_xxaa_app_button.c.o
 .debug_abbrev  0x000002af      0x235 _build/nrf51822_xxaa_app_error.c.o
 .debug_abbrev  0x000004e4      0x20d _build/nrf51822_xxaa_app_error_weak.c.o
 .debug_abbrev  0x000006f1      0x47d _build/nrf51822_xxaa_app_timer.c.o
 .debug_abbrev  0x00000b6e      0x326 _build/nrf51822_xxaa_app_util_platform.c.o
 .debug_abbrev  0x00000e94      0x386 _build/nrf51822_xxaa_boards.c.o
 .debug_abbrev  0x0000121a      0x536 _build/nrf51822_xxaa_nrf_drv_clock.c.o
 .debug_abbrev  0x00001750      0x28d _build/nrf51822_xxaa_nrf_drv_common.c.o
 .debug_abbrev  0x000019dd      0x536 _build/nrf51822_xxaa_nrf_drv_gpiote.c.o
 .debug_abbrev  0x00001f13      0x472 _build/nrf51822_xxaa_nrf_drv_uart.c.o
 .debug_abbrev  0x00002385      0x487 _build/nrf51822_xxaa_main.c.o
 .debug_abbrev  0x0000280c      0x41e _build/nrf51822_xxaa_ble_advdata.c.o
 .debug_abbrev  0x00002c2a      0x4de _build/nrf51822_xxaa_ble_conn_params.c.o
 .debug_abbrev  0x00003108      0x348 _build/nrf51822_xxaa_ble_srv_common.c.o
 .debug_abbrev  0x00003450      0x10b _build/nrf51822_xxaa_system_nrf51.c.o
 .debug_abbrev  0x0000355b      0x389 _build/nrf51822_xxaa_ble_lbs.c.o
 .debug_abbrev  0x000038e4      0x57d _build/nrf51822_xxaa_softdevice_handler.c.o

.debug_loc      0x00000000     0x88b9
 .debug_loc     0x00000000      0x38d _build/nrf51822_xxaa_app_button.c.o
 .debug_loc     0x0000038d      0x149 _build/nrf51822_xxaa_app_error.c.o
 .debug_loc     0x000004d6       0x21 _build/nrf51822_xxaa_app_error_weak.c.o
 .debug_loc     0x000004f7      0xfc2 _build/nrf51822_xxaa_app_timer.c.o
 .debug_loc     0x000014b9       0x57 _build/nrf51822_xxaa_app_util_platform.c.o
 .debug_loc     0x00001510      0x8b3 _build/nrf51822_xxaa_boards.c.o
 .debug_loc     0x00001dc3      0x4f6 _build/nrf51822_xxaa_nrf_drv_clock.c.o
 .debug_loc     0x000022b9       0xc4 _build/nrf51822_xxaa_nrf_drv_common.c.o
 .debug_loc     0x0000237d     0x1ee6 _build/nrf51822_xxaa_nrf_drv_gpiote.c.o
 .debug_loc     0x00004263     0x16e9 _build/nrf51822_xxaa_nrf_drv_uart.c.o
 .debug_loc     0x0000594c      0x69d _build/nrf51822_xxaa_main.c.o
 .debug_loc     0x00005fe9     0x17c1 _build/nrf51822_xxaa_ble_advdata.c.o
 .debug_loc     0x000077aa      0x478 _build/nrf51822_xxaa_ble_conn_params.c.o
 .debug_loc     0x00007c22      0x3c4 _build/nrf51822_xxaa_ble_srv_common.c.o
 .debug_loc     0x00007fe6      0x2c8 _build/nrf51822_xxaa_ble_lbs.c.o
 .debug_loc     0x000082ae      0x60b _build/nrf51822_xxaa_softdevice_handler.c.o

.debug_aranges  0x00000000      0x690
 .debug_aranges
                0x00000000       0x48 _build/nrf51822_xxaa_app_button.c.o
 .debug_aranges
                0x00000048       0x30 _build/nrf51822_xxaa_app_error.c.o
 .debug_aranges
                0x00000078       0x20 _build/nrf51822_xxaa_app_error_weak.c.o
 .debug_aranges
                0x00000098       0x60 _build/nrf51822_xxaa_app_timer.c.o
 .debug_aranges
                0x000000f8       0x38 _build/nrf51822_xxaa_app_util_platform.c.o
 .debug_aranges
                0x00000130       0x80 _build/nrf51822_xxaa_boards.c.o
 .debug_aranges
                0x000001b0       0xb0 _build/nrf51822_xxaa_nrf_drv_clock.c.o
 .debug_aranges
                0x00000260       0x28 _build/nrf51822_xxaa_nrf_drv_common.c.o
 .debug_aranges
                0x00000288       0xb8 _build/nrf51822_xxaa_nrf_drv_gpiote.c.o
 .debug_aranges
                0x00000340       0x70 _build/nrf51822_xxaa_nrf_drv_uart.c.o
 .debug_aranges
                0x000003b0       0x98 _build/nrf51822_xxaa_main.c.o
 .debug_aranges
                0x00000448       0x58 _build/nrf51822_xxaa_ble_advdata.c.o
 .debug_aranges
                0x000004a0       0x68 _build/nrf51822_xxaa_ble_conn_params.c.o
 .debug_aranges
                0x00000508       0x58 _build/nrf51822_xxaa_ble_srv_common.c.o
 .debug_aranges
                0x00000560       0x28 _build/nrf51822_xxaa_system_nrf51.c.o
 .debug_aranges
                0x00000588       0x50 _build/nrf51822_xxaa_ble_lbs.c.o
 .debug_aranges
                0x000005d8       0xb8 _build/nrf51822_xxaa_softdevice_handler.c.o

.debug_ranges   0x00000000     0x22d0
 .debug_ranges  0x00000000       0x98 _build/nrf51822_xxaa_app_button.c.o
 .debug_ranges  0x00000098       0x20 _build/nrf51822_xxaa_app_error.c.o
 .debug_ranges  0x000000b8       0x10 _build/nrf51822_xxaa_app_error_weak.c.o
 .debug_ranges  0x000000c8      0x5b0 _build/nrf51822_xxaa_app_timer.c.o
 .debug_ranges  0x00000678       0x40 _build/nrf51822_xxaa_app_util_platform.c.o
 .debug_ranges  0x000006b8      0x150 _build/nrf51822_xxaa_boards.c.o
 .debug_ranges  0x00000808      0x368 _build/nrf51822_xxaa_nrf_drv_clock.c.o
 .debug_ranges  0x00000b70       0x48 _build/nrf51822_xxaa_nrf_drv_common.c.o
 .debug_ranges  0x00000bb8      0x9b0 _build/nrf51822_xxaa_nrf_drv_gpiote.c.o
 .debug_ranges  0x00001568      0x500 _build/nrf51822_xxaa_nrf_drv_uart.c.o
 .debug_ranges  0x00001a68       0xf0 _build/nrf51822_xxaa_main.c.o
 .debug_ranges  0x00001b58      0x240 _build/nrf51822_xxaa_ble_advdata.c.o
 .debug_ranges  0x00001d98      0x170 _build/nrf51822_xxaa_ble_conn_params.c.o
 .debug_ranges  0x00001f08      0x130 _build/nrf51822_xxaa_ble_srv_common.c.o
 .debug_ranges  0x00002038       0x68 _build/nrf51822_xxaa_system_nrf51.c.o
 .debug_ranges  0x000020a0       0x40 _build/nrf51822_xxaa_ble_lbs.c.o
 .debug_ranges  0x000020e0      0x1f0 _build/nrf51822_xxaa_softdevice_handler.c.o

.debug_macro    0x00000000     0x5f69
 .debug_macro   0x00000000      0x2fa _build/nrf51822_xxaa_app_button.c.o
 .debug_macro   0x000002fa       0x1c _build/nrf51822_xxaa_app_button.c.o
 .debug_macro   0x00000316       0x10 _build/nrf51822_xxaa_app_button.c.o
 .debug_macro   0x00000326       0x10 _build/nrf51822_xxaa_app_button.c.o
 .debug_macro   0x00000336       0xb6 _build/nrf51822_xxaa_app_button.c.o
 .debug_macro   0x000003ec       0x16 _build/nrf51822_xxaa_app_button.c.o
 .debug_macro   0x00000402      0x129 _build/nrf51822_xxaa_app_button.c.o
 .debug_macro   0x0000052b       0x2b _build/nrf51822_xxaa_app_button.c.o
 .debug_macro   0x00000556      0x168 _build/nrf51822_xxaa_app_button.c.o
 .debug_macro   0x000006be       0x10 _build/nrf51822_xxaa_app_button.c.o
 .debug_macro   0x000006ce       0x16 _build/nrf51822_xxaa_app_button.c.o
 .debug_macro   0x000006e4       0x22 _build/nrf51822_xxaa_app_button.c.o
 .debug_macro   0x00000706       0x16 _build/nrf51822_xxaa_app_button.c.o
 .debug_macro   0x0000071c       0x1c _build/nrf51822_xxaa_app_button.c.o
 .debug_macro   0x00000738       0x36 _build/nrf51822_xxaa_app_button.c.o
 .debug_macro   0x0000076e       0x11 _build/nrf51822_xxaa_app_button.c.o
 .debug_macro   0x0000077f       0x30 _build/nrf51822_xxaa_app_button.c.o
 .debug_macro   0x000007af      0x28f _build/nrf51822_xxaa_app_error.c.o
 .debug_macro   0x00000a3e       0x34 _build/nrf51822_xxaa_app_error.c.o
 .debug_macro   0x00000a72       0x22 _build/nrf51822_xxaa_app_error.c.o
 .debug_macro   0x00000a94       0x16 _build/nrf51822_xxaa_app_error.c.o
 .debug_macro   0x00000aaa       0x97 _build/nrf51822_xxaa_app_error.c.o
 .debug_macro   0x00000b41       0xf6 _build/nrf51822_xxaa_app_error.c.o
 .debug_macro   0x00000c37       0x22 _build/nrf51822_xxaa_app_error.c.o
 .debug_macro   0x00000c59       0x16 _build/nrf51822_xxaa_app_error.c.o
 .debug_macro   0x00000c6f      0x39b _build/nrf51822_xxaa_app_error.c.o
 .debug_macro   0x0000100a      0x170 _build/nrf51822_xxaa_app_error.c.o
 .debug_macro   0x0000117a       0x5a _build/nrf51822_xxaa_app_error.c.o
 .debug_macro   0x000011d4       0x28 _build/nrf51822_xxaa_app_error.c.o
 .debug_macro   0x000011fc       0x22 _build/nrf51822_xxaa_app_error.c.o
 .debug_macro   0x0000121e      0x28f _build/nrf51822_xxaa_app_error_weak.c.o
 .debug_macro   0x000014ad       0x1c _build/nrf51822_xxaa_app_error_weak.c.o
 .debug_macro   0x000014c9      0x326 _build/nrf51822_xxaa_app_timer.c.o
 .debug_macro   0x000017ef       0x16 _build/nrf51822_xxaa_app_timer.c.o
 .debug_macro   0x00001805       0x40 _build/nrf51822_xxaa_app_timer.c.o
 .debug_macro   0x00001845       0x64 _build/nrf51822_xxaa_app_timer.c.o
 .debug_macro   0x000018a9       0x10 _build/nrf51822_xxaa_app_timer.c.o
 .debug_macro   0x000018b9       0x22 _build/nrf51822_xxaa_app_timer.c.o
 .debug_macro   0x000018db       0x72 _build/nrf51822_xxaa_app_timer.c.o
 .debug_macro   0x0000194d      0x262 _build/nrf51822_xxaa_app_util_platform.c.o
 .debug_macro   0x00001baf      0x286 _build/nrf51822_xxaa_boards.c.o
 .debug_macro   0x00001e35      0x246 _build/nrf51822_xxaa_boards.c.o
 .debug_macro   0x0000207b      0x115 _build/nrf51822_xxaa_boards.c.o
 .debug_macro   0x00002190      0x420 _build/nrf51822_xxaa_nrf_drv_clock.c.o
 .debug_macro   0x000025b0       0x10 _build/nrf51822_xxaa_nrf_drv_clock.c.o
 .debug_macro   0x000025c0       0x28 _build/nrf51822_xxaa_nrf_drv_clock.c.o
 .debug_macro   0x000025e8       0x1c _build/nrf51822_xxaa_nrf_drv_clock.c.o
 .debug_macro   0x00002604       0x8f _build/nrf51822_xxaa_nrf_drv_clock.c.o
 .debug_macro   0x00002693       0xd6 _build/nrf51822_xxaa_nrf_drv_clock.c.o
 .debug_macro   0x00002769      0x1fb _build/nrf51822_xxaa_nrf_drv_clock.c.o
 .debug_macro   0x00002964      0x3fa _build/nrf51822_xxaa_nrf_drv_clock.c.o
 .debug_macro   0x00002d5e       0x40 _build/nrf51822_xxaa_nrf_drv_clock.c.o
 .debug_macro   0x00002d9e       0x22 _build/nrf51822_xxaa_nrf_drv_clock.c.o
 .debug_macro   0x00002dc0      0x201 _build/nrf51822_xxaa_nrf_drv_clock.c.o
 .debug_macro   0x00002fc1       0x1c _build/nrf51822_xxaa_nrf_drv_clock.c.o
 .debug_macro   0x00002fdd       0xdb _build/nrf51822_xxaa_nrf_drv_clock.c.o
 .debug_macro   0x000030b8       0x24 _build/nrf51822_xxaa_nrf_drv_clock.c.o
 .debug_macro   0x000030dc       0x16 _build/nrf51822_xxaa_nrf_drv_clock.c.o
 .debug_macro   0x000030f2       0x10 _build/nrf51822_xxaa_nrf_drv_clock.c.o
 .debug_macro   0x00003102      0x18a _build/nrf51822_xxaa_nrf_drv_clock.c.o
 .debug_macro   0x0000328c       0x1c _build/nrf51822_xxaa_nrf_drv_clock.c.o
 .debug_macro   0x000032a8       0x16 _build/nrf51822_xxaa_nrf_drv_clock.c.o
 .debug_macro   0x000032be      0x176 _build/nrf51822_xxaa_nrf_drv_clock.c.o
 .debug_macro   0x00003434      0x2cc _build/nrf51822_xxaa_nrf_drv_common.c.o
 .debug_macro   0x00003700       0x22 _build/nrf51822_xxaa_nrf_drv_common.c.o
 .debug_macro   0x00003722      0x3a2 _build/nrf51822_xxaa_nrf_drv_gpiote.c.o
 .debug_macro   0x00003ac4       0x16 _build/nrf51822_xxaa_nrf_drv_gpiote.c.o
 .debug_macro   0x00003ada      0x387 _build/nrf51822_xxaa_nrf_drv_uart.c.o
 .debug_macro   0x00003e61       0x10 _build/nrf51822_xxaa_nrf_drv_uart.c.o
 .debug_macro   0x00003e71       0x36 _build/nrf51822_xxaa_nrf_drv_uart.c.o
 .debug_macro   0x00003ea7      0x4d6 _build/nrf51822_xxaa_main.c.o
 .debug_macro   0x0000437d      0x3f4 _build/nrf51822_xxaa_main.c.o
 .debug_macro   0x00004771       0x3a _build/nrf51822_xxaa_main.c.o
 .debug_macro   0x000047ab       0xa6 _build/nrf51822_xxaa_main.c.o
 .debug_macro   0x00004851      0x2ea _build/nrf51822_xxaa_main.c.o
 .debug_macro   0x00004b3b       0x6a _build/nrf51822_xxaa_main.c.o
 .debug_macro   0x00004ba5       0x46 _build/nrf51822_xxaa_main.c.o
 .debug_macro   0x00004beb       0x1c _build/nrf51822_xxaa_main.c.o
 .debug_macro   0x00004c07       0x3c _build/nrf51822_xxaa_main.c.o
 .debug_macro   0x00004c43       0x22 _build/nrf51822_xxaa_main.c.o
 .debug_macro   0x00004c65       0x2e _build/nrf51822_xxaa_main.c.o
 .debug_macro   0x00004c93      0x28b _build/nrf51822_xxaa_ble_advdata.c.o
 .debug_macro   0x00004f1e       0x64 _build/nrf51822_xxaa_ble_advdata.c.o
 .debug_macro   0x00004f82      0x2fb _build/nrf51822_xxaa_ble_conn_params.c.o
 .debug_macro   0x0000527d      0x10e _build/nrf51822_xxaa_ble_conn_params.c.o
 .debug_macro   0x0000538b       0x86 _build/nrf51822_xxaa_ble_conn_params.c.o
 .debug_macro   0x00005411      0x2cb _build/nrf51822_xxaa_ble_srv_common.c.o
 .debug_macro   0x000056dc       0xdf _build/nrf51822_xxaa_system_nrf51.c.o
 .debug_macro   0x000057bb      0x27f _build/nrf51822_xxaa_ble_lbs.c.o
 .debug_macro   0x00005a3a       0x1c _build/nrf51822_xxaa_ble_lbs.c.o
 .debug_macro   0x00005a56      0x3f8 _build/nrf51822_xxaa_softdevice_handler.c.o
 .debug_macro   0x00005e4e       0x58 _build/nrf51822_xxaa_softdevice_handler.c.o
 .debug_macro   0x00005ea6       0x5c _build/nrf51822_xxaa_softdevice_handler.c.o
 .debug_macro   0x00005f02       0x57 _build/nrf51822_xxaa_softdevice_handler.c.o
 .debug_macro   0x00005f59       0x10 _build/nrf51822_xxaa_softdevice_handler.c.o

.debug_line     0x00000000     0x96d7
 .debug_line    0x00000000      0x76f _build/nrf51822_xxaa_app_button.c.o
 .debug_line    0x0000076f      0x638 _build/nrf51822_xxaa_app_error.c.o
 .debug_line    0x00000da7      0x5f6 _build/nrf51822_xxaa_app_error_weak.c.o
 .debug_line    0x0000139d      0xb12 _build/nrf51822_xxaa_app_timer.c.o
 .debug_line    0x00001eaf      0x5c9 _build/nrf51822_xxaa_app_util_platform.c.o
 .debug_line    0x00002478      0x76b _build/nrf51822_xxaa_boards.c.o
 .debug_line    0x00002be3      0xc61 _build/nrf51822_xxaa_nrf_drv_clock.c.o
 .debug_line    0x00003844      0x683 _build/nrf51822_xxaa_nrf_drv_common.c.o
 .debug_line    0x00003ec7     0x10b8 _build/nrf51822_xxaa_nrf_drv_gpiote.c.o
 .debug_line    0x00004f7f      0xd74 _build/nrf51822_xxaa_nrf_drv_uart.c.o
 .debug_line    0x00005cf3      0xba2 _build/nrf51822_xxaa_main.c.o
 .debug_line    0x00006895      0x971 _build/nrf51822_xxaa_ble_advdata.c.o
 .debug_line    0x00007206      0x7dc _build/nrf51822_xxaa_ble_conn_params.c.o
 .debug_line    0x000079e2      0x76e _build/nrf51822_xxaa_ble_srv_common.c.o
 .debug_line    0x00008150      0x374 _build/nrf51822_xxaa_system_nrf51.c.o
 .debug_line    0x000084c4      0x6f9 _build/nrf51822_xxaa_ble_lbs.c.o
 .debug_line    0x00008bbd      0xb1a _build/nrf51822_xxaa_softdevice_handler.c.o

.debug_str      0x00000000    0x45673
 .debug_str     0x00000000    0x33a5a _build/nrf51822_xxaa_app_button.c.o
                              0x33dab (size before relaxing)
 .debug_str     0x00033a5a     0x19ab _build/nrf51822_xxaa_app_error.c.o
                              0x345bb (size before relaxing)
 .debug_str     0x00035405       0xb6 _build/nrf51822_xxaa_app_error_weak.c.o
                              0x34508 (size before relaxing)
 .debug_str     0x000354bb     0x1582 _build/nrf51822_xxaa_app_timer.c.o
                              0x34770 (size before relaxing)
 .debug_str     0x00036a3d      0x12a _build/nrf51822_xxaa_app_util_platform.c.o
                              0x305fc (size before relaxing)
 .debug_str     0x00036b67     0x1316 _build/nrf51822_xxaa_boards.c.o
                              0x31085 (size before relaxing)
 .debug_str     0x00037e7d     0x6ac3 _build/nrf51822_xxaa_nrf_drv_clock.c.o
                              0x3bd2c (size before relaxing)
 .debug_str     0x0003e940       0x64 _build/nrf51822_xxaa_nrf_drv_common.c.o
                              0x33eb0 (size before relaxing)
 .debug_str     0x0003e9a4      0xacb _build/nrf51822_xxaa_nrf_drv_gpiote.c.o
                              0x36be8 (size before relaxing)
 .debug_str     0x0003f46f      0xe8b _build/nrf51822_xxaa_nrf_drv_uart.c.o
                              0x36a1c (size before relaxing)
 .debug_str     0x000402fa     0x413a _build/nrf51822_xxaa_main.c.o
                              0x4044d (size before relaxing)
 .debug_str     0x00044434      0x39f _build/nrf51822_xxaa_ble_advdata.c.o
                              0x37f9d (size before relaxing)
 .debug_str     0x000447d3      0x1ef _build/nrf51822_xxaa_ble_conn_params.c.o
                              0x3949a (size before relaxing)
 .debug_str     0x000449c2      0x490 _build/nrf51822_xxaa_ble_srv_common.c.o
                              0x37eba (size before relaxing)
 .debug_str     0x00044e52      0x128 _build/nrf51822_xxaa_system_nrf51.c.o
                              0x2a77b (size before relaxing)
 .debug_str     0x00044f7a      0x107 _build/nrf51822_xxaa_ble_lbs.c.o
                              0x3865f (size before relaxing)
 .debug_str     0x00045081      0x5f2 _build/nrf51822_xxaa_softdevice_handler.c.o
                              0x3c392 (size before relaxing)
